Resolved 175 packages in 0.84ms
Downloading nvidia-cusparselt-cu12 (273.9MiB)
Downloading nvidia-cudnn-cu12 (674.0MiB)
Downloading nvidia-cublas-cu12 (566.8MiB)
Downloading nvidia-cufft-cu12 (184.2MiB)
Downloading nvidia-nccl-cu12 (307.4MiB)
Downloading torch (858.1MiB)
Downloading nvidia-cusparse-cu12 (274.9MiB)
Downloading nvidia-cusolver-cu12 (255.1MiB)
 Downloaded nvidia-cufft-cu12
 Downloaded nvidia-cusolver-cu12
 Downloaded nvidia-cusparse-cu12
 Downloaded nvidia-cusparselt-cu12
 Downloaded nvidia-nccl-cu12
 Downloaded nvidia-cublas-cu12
 Downloaded nvidia-cudnn-cu12
 Downloaded torch
Prepared 8 packages in 16m 51s
Installed 162 packages in 181ms
 + accelerate==1.11.0
 + adjusttext==1.3.0
 + aiohappyeyeballs==2.6.1
 + aiohttp==3.13.2
 + aiosignal==1.4.0
 + annotated-types==0.7.0
 + antipasto==0.5.0 (from file:///home/user/alignment-literature-meta-analysis/replication/experiments/antipasto-self-supervised-honesty-steering-via-a--wassname/src)
 + anyio==4.11.0
 + asttokens==3.0.1
 + attrs==25.4.0
 + babel==2.17.0
 + baukit==0.0.1 (from git+https://github.com/davidbau/baukit.git@9d51abd51ebf29769aecc38c4cbef459b731a36e)
 + bitsandbytes==0.48.2
 + cattrs==25.3.0
 + certifi==2025.11.12
 + charset-normalizer==3.4.4
 + click==8.3.1
 + comm==0.2.3
 + commonmark==0.9.1
 + contourpy==1.3.3
 + cycler==0.12.1
 + datasets==4.4.1
 + debugpy==1.8.17
 + decorator==5.2.1
 + dill==0.4.0
 + docstring-parser==0.17.0
 + einops==0.8.1
 + executing==2.2.1
 + faicons==0.2.2
 + fastjsonschema==2.21.2
 + filelock==3.20.0
 + fonttools==4.60.1
 + frozenlist==1.8.0
 + fsspec==2025.10.0
 + gguf==0.17.1
 + gitdb==4.0.12
 + gitpython==3.1.45
 + great-tables==0.20.0
 + h11==0.16.0
 + hf-xet==1.2.0
 + htmltools==0.6.0
 + httpcore==1.0.9
 + httpx==0.28.1
 + huggingface-hub==0.36.0
 + idna==3.11
 + importlib-metadata==8.7.0
 + importlib-resources==6.5.2
 + iniconfig==2.3.0
 + ipykernel==7.1.0
 + ipython==9.7.0
 + ipython-pygments-lexers==1.1.1
 + ipywidgets==8.1.8
 + jaxtyping==0.3.3
 + jedi==0.19.2
 + jinja2==3.1.6
 + joblib==1.5.2
 + jsonschema==4.25.1
 + jsonschema-specifications==2025.9.1
 + jupyter-client==8.6.3
 + jupyter-core==5.9.1
 + jupyterlab-widgets==3.0.16
 + jupytext==1.18.1
 + kiwisolver==1.4.9
 + llvmlite==0.45.1
 + loguru==0.7.3
 + markdown-it-py==4.0.0
 + markupsafe==3.0.3
 + matplotlib==3.10.7
 + matplotlib-inline==0.2.1
 + mdit-py-plugins==0.5.0
 + mdurl==0.1.2
 + mpmath==1.3.0
 + multidict==6.7.0
 + multiprocess==0.70.18
 + narwhals==2.14.0
 + nbformat==5.10.4
 + nest-asyncio==1.6.0
 + networkx==3.5
 + numba==0.62.1
 + numpy==2.3.4
 + nvidia-cublas-cu12==12.8.4.1
 + nvidia-cuda-cupti-cu12==12.8.90
 + nvidia-cuda-nvrtc-cu12==12.8.93
 + nvidia-cuda-runtime-cu12==12.8.90
 + nvidia-cudnn-cu12==9.10.2.21
 + nvidia-cufft-cu12==11.3.3.83
 + nvidia-cufile-cu12==1.13.1.3
 + nvidia-curand-cu12==10.3.9.90
 + nvidia-cusolver-cu12==11.7.3.90
 + nvidia-cusparse-cu12==12.5.8.93
 + nvidia-cusparselt-cu12==0.7.1
 + nvidia-nccl-cu12==2.27.5
 + nvidia-nvjitlink-cu12==12.8.93
 + nvidia-nvshmem-cu12==3.3.20
 + nvidia-nvtx-cu12==12.8.90
 + packaging==25.0
 + pandas==2.3.3
 + parso==0.8.5
 + peft==0.17.2.dev0 (from git+https://github.com/huggingface/peft.git@41091ecd31abc84bda9e899c4e80ec96f3fa99b2)
 + pexpect==4.9.0
 + pillow==12.0.0
 + platformdirs==4.5.0
 + plotly==6.5.0
 + pluggy==1.6.0
 + prompt-toolkit==3.0.52
 + propcache==0.4.1
 + protobuf==6.33.1
 + psutil==7.1.3
 + ptyprocess==0.7.0
 + pure-eval==0.2.3
 + pyarrow==22.0.0
 + pydantic==2.12.4
 + pydantic-core==2.41.5
 + pygments==2.19.2
 + pynndescent==0.5.13
 + pyparsing==3.2.5
 + pytest==9.0.1
 + python-dateutil==2.9.0.post0
 + pytz==2025.2
 + pyyaml==6.0.3
 + pyzmq==27.1.0
 + referencing==0.37.0
 + regex==2025.11.3
 + repeng==0.4.0 (from git+https://github.com/wassname/repeng.git@350be4bc4a3ad626a2a946cf0ea73dc5459a5cb1)
 + requests==2.32.5
 + rpds-py==0.29.0
 + ruff==0.14.5
 + safetensors==0.6.2
 + scikit-learn==1.7.2
 + scipy==1.16.3
 + seaborn==0.13.2
 + sentry-sdk==2.44.0
 + setuptools==80.9.0
 + six==1.17.0
 + smmap==5.0.2
 + sniffio==1.3.1
 + stack-data==0.6.3
 + sympy==1.14.0
 + tabulate==0.9.0
 + threadpoolctl==3.6.0
 + tokenizers==0.22.1
 + torch==2.9.1
 + torchvision==0.24.1
 + tornado==6.5.2
 + tqdm==4.67.1
 + traitlets==5.14.3
 + transformers==4.57.1
 + triton==3.5.1
 + typeguard==4.4.4
 + typing-extensions==4.15.0
 + typing-inspection==0.4.2
 + tyro==1.0.5
 + tzdata==2025.2
 + umap-learn==0.5.9.post2
 + urllib3==2.5.0
 + wadler-lindig==0.1.7
 + wandb==0.23.0
 + wcwidth==0.2.14
 + widgetsnbextension==4.0.15
 + xxhash==3.6.0
 + yarl==1.22.0
 + zipp==3.23.0
SYNC-EXIT 0
