== 2026-08-27T15:42:42+08:00 NODE R7-unpacking-multimodal-data-leakage-broken-benchma--ai-forever START (rerun)
== RUN-EXIT 0 after 23 min
== 2026-08-27T16:05:46+08:00 NODE R7-unpacking-multimodal-data-leakage-broken-benchma--ai-forever EXIT 0 after 23 min (rerun)
== 2026-08-27T16:05:46+08:00 NODE R3-features-of-saes-are-universal-but-only-up-to-an--jordanmccann START (rerun)
== RUN-EXIT 2 after 0 min
== 2026-08-27T16:05:47+08:00 NODE R3-features-of-saes-are-universal-but-only-up-to-an--jordanmccann EXIT 2 after 0 min (rerun)
== 2026-08-27T16:05:47+08:00 NODE R5-saes-are-highly-dataset-dependent-a-case-study-o--ckkissane START (rerun)
== RUN-EXIT 1 after 0 min
== 2026-08-27T16:05:49+08:00 NODE R5-saes-are-highly-dataset-dependent-a-case-study-o--ckkissane EXIT 1 after 0 min (rerun)
== 2026-08-27T16:05:49+08:00 NODE R14-confirming-claims-of-superposition-and-adversari--uchicago-xlab START (rerun)
== RUN-EXIT 1 after 0 min
== 2026-08-27T16:05:51+08:00 NODE R14-confirming-claims-of-superposition-and-adversari--uchicago-xlab EXIT 1 after 0 min (rerun)
== 2026-08-27T16:05:51+08:00 NODE R13-the-self-hating-attention-head-a-deep-dive-in-gp--mamiglia START (rerun)
== RUN-EXIT 124 after 45 min
== 2026-08-27T16:50:51+08:00 NODE R13-the-self-hating-attention-head-a-deep-dive-in-gp--mamiglia EXIT 124 after 45 min (rerun)
== 2026-08-27T16:50:51+08:00 NODE R10-developmental-stages-in-multi-problem-grokking--james-sullivan START (rerun)
== RUN-EXIT 1 after 0 min
== 2026-08-27T16:50:51+08:00 NODE R10-developmental-stages-in-multi-problem-grokking--james-sullivan EXIT 1 after 0 min (rerun)
== 2026-08-27T16:50:51+08:00 NODE R4-investigating-sensitive-directions-in-gpt-2-an-i--dajale423 START (rerun)
== RUN-EXIT 1 after 0 min
== 2026-08-27T16:50:58+08:00 NODE R4-investigating-sensitive-directions-in-gpt-2-an-i--dajale423 EXIT 1 after 0 min (rerun)
== 2026-08-27T16:50:58+08:00 NODE R8-activation-plateaus-where-and-how-they-emerge--mshinkle START (rerun)
== RUN-EXIT 0 after 0 min
== 2026-08-27T16:51:09+08:00 NODE R8-activation-plateaus-where-and-how-they-emerge--mshinkle EXIT 0 after 0 min (rerun)
== 2026-08-27T16:51:09+08:00 NODE R6-can-we-interpret-latent-reasoning-using-current---cywinski START (rerun)
