== 2026-08-27T15:38:27+08:00 start tenseisoham/finetuning-mechinterp@483cc014d5cea7691675d7e4e27389bb9acc660b
== entrypoint: logit-lens-analysis.ipynb (budget 45m)
[NbConvertApp] Converting notebook logit-lens-analysis.ipynb to notebook
[IPKernelApp] WARNING | Kernel is running over TCP without encryption. All communication (including code and outputs) is sent in plain text and is susceptible to eavesdropping. Use IPC transport or launch with kernel manager-provisioned CurveZMQ keys to enable transport encryption.
Traceback (most recent call last):
  File "/home/user/alignment-literature-meta-analysis/replication/experiments/latent-space-collapse-understanding-the-effects---tenseisoham/.venv/bin/jupyter-nbconvert", line 12, in <module>
    sys.exit(main())
             ^^^^^^
  File "/home/user/alignment-literature-meta-analysis/replication/experiments/latent-space-collapse-understanding-the-effects---tenseisoham/.venv/lib/python3.11/site-packages/jupyter_core/application.py", line 284, in launch_instance
    super().launch_instance(argv=argv, **kwargs)
  File "/home/user/alignment-literature-meta-analysis/replication/experiments/latent-space-collapse-understanding-the-effects---tenseisoham/.venv/lib/python3.11/site-packages/traitlets/config/application.py", line 1080, in launch_instance
    app.start()
  File "/home/user/alignment-literature-meta-analysis/replication/experiments/latent-space-collapse-understanding-the-effects---tenseisoham/.venv/lib/python3.11/site-packages/nbconvert/nbconvertapp.py", line 420, in start
    self.convert_notebooks()
  File "/home/user/alignment-literature-meta-analysis/replication/experiments/latent-space-collapse-understanding-the-effects---tenseisoham/.venv/lib/python3.11/site-packages/nbconvert/nbconvertapp.py", line 597, in convert_notebooks
    self.convert_single_notebook(notebook_filename)
  File "/home/user/alignment-literature-meta-analysis/replication/experiments/latent-space-collapse-understanding-the-effects---tenseisoham/.venv/lib/python3.11/site-packages/nbconvert/nbconvertapp.py", line 563, in convert_single_notebook
    output, resources = self.export_single_notebook(
                        ^^^^^^^^^^^^^^^^^^^^^^^^^^^^
  File "/home/user/alignment-literature-meta-analysis/replication/experiments/latent-space-collapse-understanding-the-effects---tenseisoham/.venv/lib/python3.11/site-packages/nbconvert/nbconvertapp.py", line 487, in export_single_notebook
    output, resources = self.exporter.from_filename(
                        ^^^^^^^^^^^^^^^^^^^^^^^^^^^^
  File "/home/user/alignment-literature-meta-analysis/replication/experiments/latent-space-collapse-understanding-the-effects---tenseisoham/.venv/lib/python3.11/site-packages/nbconvert/exporters/exporter.py", line 201, in from_filename
    return self.from_file(f, resources=resources, **kw)
           ^^^^^^^^^^^^^^^^^^^^^^^^^^^^^^^^^^^^^^^^^^^^
  File "/home/user/alignment-literature-meta-analysis/replication/experiments/latent-space-collapse-understanding-the-effects---tenseisoham/.venv/lib/python3.11/site-packages/nbconvert/exporters/exporter.py", line 220, in from_file
    return self.from_notebook_node(
           ^^^^^^^^^^^^^^^^^^^^^^^^
  File "/home/user/alignment-literature-meta-analysis/replication/experiments/latent-space-collapse-understanding-the-effects---tenseisoham/.venv/lib/python3.11/site-packages/nbconvert/exporters/notebook.py", line 36, in from_notebook_node
    nb_copy, resources = super().from_notebook_node(nb, resources, **kw)
                         ^^^^^^^^^^^^^^^^^^^^^^^^^^^^^^^^^^^^^^^^^^^^^^^
  File "/home/user/alignment-literature-meta-analysis/replication/experiments/latent-space-collapse-understanding-the-effects---tenseisoham/.venv/lib/python3.11/site-packages/nbconvert/exporters/exporter.py", line 154, in from_notebook_node
    nb_copy, resources = self._preprocess(nb_copy, resources)
                         ^^^^^^^^^^^^^^^^^^^^^^^^^^^^^^^^^^^^
  File "/home/user/alignment-literature-meta-analysis/replication/experiments/latent-space-collapse-understanding-the-effects---tenseisoham/.venv/lib/python3.11/site-packages/nbconvert/exporters/exporter.py", line 353, in _preprocess
    nbc, resc = preprocessor(nbc, resc)
                ^^^^^^^^^^^^^^^^^^^^^^^
  File "/home/user/alignment-literature-meta-analysis/replication/experiments/latent-space-collapse-understanding-the-effects---tenseisoham/.venv/lib/python3.11/site-packages/nbconvert/preprocessors/base.py", line 48, in __call__
    return self.preprocess(nb, resources)
           ^^^^^^^^^^^^^^^^^^^^^^^^^^^^^^
  File "/home/user/alignment-literature-meta-analysis/replication/experiments/latent-space-collapse-understanding-the-effects---tenseisoham/.venv/lib/python3.11/site-packages/nbconvert/preprocessors/execute.py", line 103, in preprocess
    self.preprocess_cell(cell, resources, index)
  File "/home/user/alignment-literature-meta-analysis/replication/experiments/latent-space-collapse-understanding-the-effects---tenseisoham/.venv/lib/python3.11/site-packages/nbconvert/preprocessors/execute.py", line 124, in preprocess_cell
    cell = self.execute_cell(cell, index, store_history=True)
           ^^^^^^^^^^^^^^^^^^^^^^^^^^^^^^^^^^^^^^^^^^^^^^^^^^
  File "/home/user/alignment-literature-meta-analysis/replication/experiments/latent-space-collapse-understanding-the-effects---tenseisoham/.venv/lib/python3.11/site-packages/jupyter_core/utils/__init__.py", line 165, in wrapped
    return loop.run_until_complete(inner)
           ^^^^^^^^^^^^^^^^^^^^^^^^^^^^^^
  File "/home/user/.local/share/uv/python/cpython-3.11.15-linux-x86_64-gnu/lib/python3.11/asyncio/base_events.py", line 654, in run_until_complete
    return future.result()
           ^^^^^^^^^^^^^^^
  File "/home/user/alignment-literature-meta-analysis/replication/experiments/latent-space-collapse-understanding-the-effects---tenseisoham/.venv/lib/python3.11/site-packages/nbclient/client.py", line 1062, in async_execute_cell
    await self._check_raise_for_error(cell, cell_index, exec_reply)
  File "/home/user/alignment-literature-meta-analysis/replication/experiments/latent-space-collapse-understanding-the-effects---tenseisoham/.venv/lib/python3.11/site-packages/nbclient/client.py", line 918, in _check_raise_for_error
    raise CellExecutionError.from_cell_and_msg(cell, exec_reply_content)
nbclient.exceptions.CellExecutionError: An error occurred while executing the following cell:
------------------
import torch
import torch.nn.functional as F
import matplotlib.pyplot as plt
import numpy as np
from transformers import AutoModelForCausalLM, AutoTokenizer
from datasets import load_dataset

# Set device
device = torch.device("cuda" if torch.cuda.is_available() else "cpu")

# Load tokenizer
tokenizer = AutoTokenizer.from_pretrained("gpt2")

def text_to_input_ids(text):
    toks = tokenizer.encode(text, add_special_tokens=False)
    return torch.tensor(toks).unsqueeze(0).to(device)

def custom_logit_lens(model, tokenizer, input_ids, start_ix, end_ix, probs=True):
    """
    For each token position in [start_ix, end_ix), compute the probability (or logit)
    assigned to the ground-truth next token at that position for every *Transformer* layer
    in the model (skipping the embedding layer). Produces a heatmap of shape:
        (num_tokens, num_layers)
    where num_layers is typically 12 for GPT-2.
    """
    # Forward pass with hidden states
    outputs = model(input_ids, output_hidden_states=True)
    # The first entry is the embedding layer, so skip it:
    # hidden_states[0] = embedding output
    # hidden_states[1..N] = the actual N layers
    hidden_states = outputs.hidden_states[1:]  # Now we have 12 states for GPT-2

    # Retrieve the output embedding matrix
    # (Assumes "tied" embeddings)
    output_embedding = model.get_output_embeddings().weight  # shape: (vocab_size, hidden_size)

    num_layers = len(hidden_states)  # should be 12 for GPT-2
    results = {}

    # We only go up to second-to-last token for "next-token" predictions
    max_pos = min(end_ix, input_ids.size(1) - 1)
    for token_pos in range(start_ix, max_pos):
        gt_token_id = input_ids[0, token_pos + 1].item()
        layer_probs = []
        for layer_idx in range(num_layers):
            # hidden_states[layer_idx] has shape (batch_size, seq_len, hidden_size)
            hidden_vec = hidden_states[layer_idx][0, token_pos]  # shape: (hidden_size,)
            logits = torch.matmul(hidden_vec, output_embedding.T)
            if probs:
                logits = F.softmax(logits, dim=-1)
            layer_probs.append(logits[gt_token_id].item())
        results[token_pos] = layer_probs

    # Convert results to a 2D array: rows = token positions, cols = layers
    token_positions = sorted(results.keys())
    data = np.array([results[pos] for pos in token_positions])

    # Plot the heatmap
    fig, ax = plt.subplots(figsize=(8, len(token_positions)*0.4 + 2))
    im = ax.imshow(data, aspect='auto', cmap='viridis', vmin=0, vmax=1 if probs else None)

    ax.set_title("Probability of Ground Truth Next Token Across Transformer Layers")
    ax.set_xlabel("Layer (Transformer only)")
    ax.set_ylabel("Token Position")

    # X-axis: 0..(num_layers-1)
    ax.set_xticks(range(num_layers))
    ax.set_xticklabels(range(num_layers))

    # Y-axis: token positions
    ax.set_yticks(range(len(token_positions)))
    ax.set_yticklabels(token_positions)

    cbar = plt.colorbar(im, ax=ax)
    cbar.set_label("Probability" if probs else "Logit", rotation=270, labelpad=15)
    plt.tight_layout()
    plt.show()

    return data

# ----- Example Usage -----

# Load model
model = AutoModelForCausalLM.from_pretrained("gpt2").to(device)
model.eval()

# Load one example from IMDB
dataset = load_dataset("imdb", split="test")
sample_text = dataset[0]["text"]
print("Sample IMDB text:\n", sample_text[:300], "...")  # just show the first 300 chars

# Convert text to input IDs
input_ids = text_to_input_ids(sample_text)

# Define a smaller token range if desired, e.g., 50..70
start_ix = 50
end_ix = 70

# Make sure the range doesn't exceed the sequence length
end_ix = min(end_ix, input_ids.size(1)-1)
start_ix = min(start_ix, end_ix-1)

print(f"Analyzing token positions from {start_ix} to {end_ix} (exclusive of {end_ix}).")

# Run the custom logit lens
results_data = custom_logit_lens(
    model=model,
    tokenizer=tokenizer,
    input_ids=input_ids,
    start_ix=start_ix,
    end_ix=end_ix,
    probs=True
)

------------------


[31m---------------------------------------------------------------------------[39m
[31mModuleNotFoundError[39m                       Traceback (most recent call last)
[36mCell[39m[36m [39m[32mIn[1][39m[32m, line 5[39m
[32m      1[39m [38;5;28;01mimport[39;00m torch
[32m      2[39m [38;5;28;01mimport[39;00m torch.nn.functional [38;5;28;01mas[39;00m F
[32m      3[39m [38;5;28;01mimport[39;00m matplotlib.pyplot [38;5;28;01mas[39;00m plt
[32m      4[39m [38;5;28;01mimport[39;00m numpy [38;5;28;01mas[39;00m np
[32m----> [39m[32m5[39m [38;5;28;01mfrom[39;00m transformers [38;5;28;01mimport[39;00m AutoModelForCausalLM, AutoTokenizer
[32m      6[39m [38;5;28;01mfrom[39;00m datasets [38;5;28;01mimport[39;00m load_dataset
[32m      7[39m 
[32m      8[39m [38;5;66;03m# Set device[39;00m

[31mModuleNotFoundError[39m: No module named 'transformers'

== RUN-EXIT 1 after 0 min
