== 2026-08-27T15:05:26+08:00 start patrickod32/seq2feature@f0616acd25cdf88a3c8c50e5786df5c45072d327
== entrypoint: notebooks/02_evaluate_probe.ipynb (budget 45m)
[NbConvertApp] Converting notebook notebooks/02_evaluate_probe.ipynb to notebook
/home/user/alignment-literature-meta-analysis/replication/experiments/competitive-ai-safety-is-the-loss-function-to-ma--patrickod32/.venv/lib/python3.11/site-packages/nbformat/validator.py:434: MissingIDFieldWarning: Cell is missing an id field, this will become a hard error in future nbformat versions. You may want to use `normalize()` on your notebooks before validations (available since nbformat 5.1.4). Previous versions of nbformat are fixing this issue transparently, and will stop doing so in the future.
  _validate(nbdict, ref, version, version_minor, relax_add_props)
[IPKernelApp] WARNING | Kernel is running over TCP without encryption. All communication (including code and outputs) is sent in plain text and is susceptible to eavesdropping. Use IPC transport or launch with kernel manager-provisioned CurveZMQ keys to enable transport encryption.
Traceback (most recent call last):
  File "/home/user/alignment-literature-meta-analysis/replication/experiments/competitive-ai-safety-is-the-loss-function-to-ma--patrickod32/.venv/bin/jupyter-nbconvert", line 12, in <module>
    sys.exit(main())
             ^^^^^^
  File "/home/user/alignment-literature-meta-analysis/replication/experiments/competitive-ai-safety-is-the-loss-function-to-ma--patrickod32/.venv/lib/python3.11/site-packages/jupyter_core/application.py", line 284, in launch_instance
    super().launch_instance(argv=argv, **kwargs)
  File "/home/user/alignment-literature-meta-analysis/replication/experiments/competitive-ai-safety-is-the-loss-function-to-ma--patrickod32/.venv/lib/python3.11/site-packages/traitlets/config/application.py", line 1080, in launch_instance
    app.start()
  File "/home/user/alignment-literature-meta-analysis/replication/experiments/competitive-ai-safety-is-the-loss-function-to-ma--patrickod32/.venv/lib/python3.11/site-packages/nbconvert/nbconvertapp.py", line 420, in start
    self.convert_notebooks()
  File "/home/user/alignment-literature-meta-analysis/replication/experiments/competitive-ai-safety-is-the-loss-function-to-ma--patrickod32/.venv/lib/python3.11/site-packages/nbconvert/nbconvertapp.py", line 597, in convert_notebooks
    self.convert_single_notebook(notebook_filename)
  File "/home/user/alignment-literature-meta-analysis/replication/experiments/competitive-ai-safety-is-the-loss-function-to-ma--patrickod32/.venv/lib/python3.11/site-packages/nbconvert/nbconvertapp.py", line 563, in convert_single_notebook
    output, resources = self.export_single_notebook(
                        ^^^^^^^^^^^^^^^^^^^^^^^^^^^^
  File "/home/user/alignment-literature-meta-analysis/replication/experiments/competitive-ai-safety-is-the-loss-function-to-ma--patrickod32/.venv/lib/python3.11/site-packages/nbconvert/nbconvertapp.py", line 487, in export_single_notebook
    output, resources = self.exporter.from_filename(
                        ^^^^^^^^^^^^^^^^^^^^^^^^^^^^
  File "/home/user/alignment-literature-meta-analysis/replication/experiments/competitive-ai-safety-is-the-loss-function-to-ma--patrickod32/.venv/lib/python3.11/site-packages/nbconvert/exporters/exporter.py", line 201, in from_filename
    return self.from_file(f, resources=resources, **kw)
           ^^^^^^^^^^^^^^^^^^^^^^^^^^^^^^^^^^^^^^^^^^^^
  File "/home/user/alignment-literature-meta-analysis/replication/experiments/competitive-ai-safety-is-the-loss-function-to-ma--patrickod32/.venv/lib/python3.11/site-packages/nbconvert/exporters/exporter.py", line 220, in from_file
    return self.from_notebook_node(
           ^^^^^^^^^^^^^^^^^^^^^^^^
  File "/home/user/alignment-literature-meta-analysis/replication/experiments/competitive-ai-safety-is-the-loss-function-to-ma--patrickod32/.venv/lib/python3.11/site-packages/nbconvert/exporters/notebook.py", line 36, in from_notebook_node
    nb_copy, resources = super().from_notebook_node(nb, resources, **kw)
                         ^^^^^^^^^^^^^^^^^^^^^^^^^^^^^^^^^^^^^^^^^^^^^^^
  File "/home/user/alignment-literature-meta-analysis/replication/experiments/competitive-ai-safety-is-the-loss-function-to-ma--patrickod32/.venv/lib/python3.11/site-packages/nbconvert/exporters/exporter.py", line 154, in from_notebook_node
    nb_copy, resources = self._preprocess(nb_copy, resources)
                         ^^^^^^^^^^^^^^^^^^^^^^^^^^^^^^^^^^^^
  File "/home/user/alignment-literature-meta-analysis/replication/experiments/competitive-ai-safety-is-the-loss-function-to-ma--patrickod32/.venv/lib/python3.11/site-packages/nbconvert/exporters/exporter.py", line 353, in _preprocess
    nbc, resc = preprocessor(nbc, resc)
                ^^^^^^^^^^^^^^^^^^^^^^^
  File "/home/user/alignment-literature-meta-analysis/replication/experiments/competitive-ai-safety-is-the-loss-function-to-ma--patrickod32/.venv/lib/python3.11/site-packages/nbconvert/preprocessors/base.py", line 48, in __call__
    return self.preprocess(nb, resources)
           ^^^^^^^^^^^^^^^^^^^^^^^^^^^^^^
  File "/home/user/alignment-literature-meta-analysis/replication/experiments/competitive-ai-safety-is-the-loss-function-to-ma--patrickod32/.venv/lib/python3.11/site-packages/nbconvert/preprocessors/execute.py", line 103, in preprocess
    self.preprocess_cell(cell, resources, index)
  File "/home/user/alignment-literature-meta-analysis/replication/experiments/competitive-ai-safety-is-the-loss-function-to-ma--patrickod32/.venv/lib/python3.11/site-packages/nbconvert/preprocessors/execute.py", line 124, in preprocess_cell
    cell = self.execute_cell(cell, index, store_history=True)
           ^^^^^^^^^^^^^^^^^^^^^^^^^^^^^^^^^^^^^^^^^^^^^^^^^^
  File "/home/user/alignment-literature-meta-analysis/replication/experiments/competitive-ai-safety-is-the-loss-function-to-ma--patrickod32/.venv/lib/python3.11/site-packages/jupyter_core/utils/__init__.py", line 165, in wrapped
    return loop.run_until_complete(inner)
           ^^^^^^^^^^^^^^^^^^^^^^^^^^^^^^
  File "/home/user/.local/share/uv/python/cpython-3.11.15-linux-x86_64-gnu/lib/python3.11/asyncio/base_events.py", line 654, in run_until_complete
    return future.result()
           ^^^^^^^^^^^^^^^
  File "/home/user/alignment-literature-meta-analysis/replication/experiments/competitive-ai-safety-is-the-loss-function-to-ma--patrickod32/.venv/lib/python3.11/site-packages/nbclient/client.py", line 1062, in async_execute_cell
    await self._check_raise_for_error(cell, cell_index, exec_reply)
  File "/home/user/alignment-literature-meta-analysis/replication/experiments/competitive-ai-safety-is-the-loss-function-to-ma--patrickod32/.venv/lib/python3.11/site-packages/nbclient/client.py", line 918, in _check_raise_for_error
    raise CellExecutionError.from_cell_and_msg(cell, exec_reply_content)
nbclient.exceptions.CellExecutionError: An error occurred while executing the following cell:
------------------
# 1 · setup
!pip -q install sentencepiece scikit-learn
import os, gzip, json, zlib, hashlib, math, numpy as np, torch, torch.nn as nn
for z in ["relabel_bundle","golf_final"]:
    if not os.path.isdir(f"/content/{z}") and os.path.exists(f"/content/{z}.zip"): __import__("shutil").unpack_archive(f"/content/{z}.zip", f"/content/{z}")
BUNDLE="/content/relabel_bundle"; PROBE="/content/golf_final"
assert os.path.isdir(BUNDLE) and os.path.isdir(PROBE), "upload relabel_bundle.zip and golf_final.zip to /content"
DEV="cuda" if torch.cuda.is_available() else "cpu"; print("ready ·", DEV)
------------------


[31m---------------------------------------------------------------------------[39m
[31mAssertionError[39m                            Traceback (most recent call last)
[36mCell[39m[36m [39m[32mIn[1][39m[32m, line 7[39m
[32m      3[39m [38;5;28;01mimport[39;00m os, gzip, json, zlib, hashlib, math, numpy [38;5;28;01mas[39;00m np, torch, torch.nn [38;5;28;01mas[39;00m nn
[32m      4[39m [38;5;28;01mfor[39;00m z [38;5;28;01min[39;00m [[33m"relabel_bundle"[39m,[33m"golf_final"[39m]:
[32m      5[39m     [38;5;28;01mif[39;00m [38;5;28;01mnot[39;00m os.path.isdir([33mf"/content/{z}"[39m) [38;5;28;01mand[39;00m os.path.exists([33mf"/content/{z}.zip"[39m): __import__([33m"shutil"[39m).unpack_archive([33mf"/content/{z}.zip"[39m, [33mf"/content/{z}"[39m)
[32m      6[39m BUNDLE=[33m"/content/relabel_bundle"[39m; PROBE=[33m"/content/golf_final"[39m
[32m----> [39m[32m7[39m [38;5;28;01massert[39;00m os.path.isdir(BUNDLE) [38;5;28;01mand[39;00m os.path.isdir(PROBE), [33m"upload relabel_bundle.zip and golf_final.zip to /content"[39m
[32m      8[39m DEV=[33m"cuda"[39m [38;5;28;01mif[39;00m torch.cuda.is_available() [38;5;28;01melse[39;00m [33m"cpu"[39m; print([33m"ready ·"[39m, DEV)

[31mAssertionError[39m: upload relabel_bundle.zip and golf_final.zip to /content

== RUN-EXIT 1 after 0 min
