2026-08-26 12:46:01.407 | INFO     | antipasto.train.model_setup:load_model:59 - Loading model: google/gemma-3-1b-it
2026-08-26 12:46:04.295 | INFO     | antipasto.peft_utils.load:load_adapter:202 - Loaded SVD bases for 42 layers
2026-08-26 12:46:04.342 | DEBUG    | antipasto.peft_utils.antipasto_adapter:update_layer:230 - Loaded SVD bases: layer=model.layers.2.self_attn.o_proj, r=128
2026-08-26 12:46:04.349 | DEBUG    | antipasto.peft_utils.antipasto_adapter:update_layer:260 - AntiPaSTO Layer Init: model.layers.2.self_attn.o_proj, r=128, norms W=24.6, Wres=18.6, Wrank=16.0
2026-08-26 12:46:04.358 | DEBUG    | antipasto.peft_utils.antipasto_adapter:update_layer:230 - Loaded SVD bases: layer=model.layers.2.mlp.down_proj, r=128
2026-08-26 12:46:04.358 | DEBUG    | antipasto.peft_utils.antipasto_adapter:update_layer:260 - AntiPaSTO Layer Init: model.layers.2.mlp.down_proj, r=128, norms W=33.6, Wres=29.2, Wrank=16.7
2026-08-26 12:46:04.359 | DEBUG    | antipasto.peft_utils.antipasto_adapter:update_layer:230 - Loaded SVD bases: layer=model.layers.3.self_attn.o_proj, r=128
2026-08-26 12:46:04.359 | DEBUG    | antipasto.peft_utils.antipasto_adapter:update_layer:260 - AntiPaSTO Layer Init: model.layers.3.self_attn.o_proj, r=128, norms W=22.7, Wres=17.8, Wrank=14.0
2026-08-26 12:46:04.360 | DEBUG    | antipasto.peft_utils.antipasto_adapter:update_layer:230 - Loaded SVD bases: layer=model.layers.3.mlp.down_proj, r=128
2026-08-26 12:46:04.361 | DEBUG    | antipasto.peft_utils.antipasto_adapter:update_layer:260 - AntiPaSTO Layer Init: model.layers.3.mlp.down_proj, r=128, norms W=26.7, Wres=23.3, Wrank=13.1
2026-08-26 12:46:04.362 | DEBUG    | antipasto.peft_utils.antipasto_adapter:update_layer:230 - Loaded SVD bases: layer=model.layers.4.self_attn.o_proj, r=128
2026-08-26 12:46:04.362 | DEBUG    | antipasto.peft_utils.antipasto_adapter:update_layer:260 - AntiPaSTO Layer Init: model.layers.4.self_attn.o_proj, r=128, norms W=17.5, Wres=12.8, Wrank=12.0
2026-08-26 12:46:04.363 | DEBUG    | antipasto.peft_utils.antipasto_adapter:update_layer:230 - Loaded SVD bases: layer=model.layers.4.mlp.down_proj, r=128
2026-08-26 12:46:04.363 | DEBUG    | antipasto.peft_utils.antipasto_adapter:update_layer:260 - AntiPaSTO Layer Init: model.layers.4.mlp.down_proj, r=128, norms W=18.8, Wres=16.7, Wrank=8.6
2026-08-26 12:46:04.364 | DEBUG    | antipasto.peft_utils.antipasto_adapter:update_layer:230 - Loaded SVD bases: layer=model.layers.5.self_attn.o_proj, r=128
2026-08-26 12:46:04.364 | DEBUG    | antipasto.peft_utils.antipasto_adapter:update_layer:260 - AntiPaSTO Layer Init: model.layers.5.self_attn.o_proj, r=128, norms W=29.5, Wres=21.8, Wrank=19.9
2026-08-26 12:46:04.365 | DEBUG    | antipasto.peft_utils.antipasto_adapter:update_layer:230 - Loaded SVD bases: layer=model.layers.5.mlp.down_proj, r=128
2026-08-26 12:46:04.366 | DEBUG    | antipasto.peft_utils.antipasto_adapter:update_layer:260 - AntiPaSTO Layer Init: model.layers.5.mlp.down_proj, r=128, norms W=34.8, Wres=31.2, Wrank=15.3
2026-08-26 12:46:04.367 | DEBUG    | antipasto.peft_utils.antipasto_adapter:update_layer:230 - Loaded SVD bases: layer=model.layers.6.self_attn.o_proj, r=128
2026-08-26 12:46:04.367 | DEBUG    | antipasto.peft_utils.antipasto_adapter:update_layer:260 - AntiPaSTO Layer Init: model.layers.6.self_attn.o_proj, r=128, norms W=27.7, Wres=21.2, Wrank=17.9
2026-08-26 12:46:04.368 | DEBUG    | antipasto.peft_utils.antipasto_adapter:update_layer:230 - Loaded SVD bases: layer=model.layers.6.mlp.down_proj, r=128
2026-08-26 12:46:04.368 | DEBUG    | antipasto.peft_utils.antipasto_adapter:update_layer:260 - AntiPaSTO Layer Init: model.layers.6.mlp.down_proj, r=128, norms W=33.7, Wres=30.1, Wrank=15.3
2026-08-26 12:46:04.369 | DEBUG    | antipasto.peft_utils.antipasto_adapter:update_layer:230 - Loaded SVD bases: layer=model.layers.7.self_attn.o_proj, r=128
2026-08-26 12:46:04.370 | DEBUG    | antipasto.peft_utils.antipasto_adapter:update_layer:260 - AntiPaSTO Layer Init: model.layers.7.self_attn.o_proj, r=128, norms W=32.6, Wres=22.4, Wrank=23.6
2026-08-26 12:46:04.371 | DEBUG    | antipasto.peft_utils.antipasto_adapter:update_layer:230 - Loaded SVD bases: layer=model.layers.7.mlp.down_proj, r=128
2026-08-26 12:46:04.371 | DEBUG    | antipasto.peft_utils.antipasto_adapter:update_layer:260 - AntiPaSTO Layer Init: model.layers.7.mlp.down_proj, r=128, norms W=27.9, Wres=24.8, Wrank=12.8
2026-08-26 12:46:04.372 | DEBUG    | antipasto.peft_utils.antipasto_adapter:update_layer:230 - Loaded SVD bases: layer=model.layers.8.self_attn.o_proj, r=128
2026-08-26 12:46:04.372 | DEBUG    | antipasto.peft_utils.antipasto_adapter:update_layer:260 - AntiPaSTO Layer Init: model.layers.8.self_attn.o_proj, r=128, norms W=32.8, Wres=24.9, Wrank=21.3
2026-08-26 12:46:04.373 | DEBUG    | antipasto.peft_utils.antipasto_adapter:update_layer:230 - Loaded SVD bases: layer=model.layers.8.mlp.down_proj, r=128
2026-08-26 12:46:04.374 | DEBUG    | antipasto.peft_utils.antipasto_adapter:update_layer:260 - AntiPaSTO Layer Init: model.layers.8.mlp.down_proj, r=128, norms W=18.6, Wres=16.4, Wrank=8.8
2026-08-26 12:46:04.375 | DEBUG    | antipasto.peft_utils.antipasto_adapter:update_layer:230 - Loaded SVD bases: layer=model.layers.9.self_attn.o_proj, r=128
2026-08-26 12:46:04.375 | DEBUG    | antipasto.peft_utils.antipasto_adapter:update_layer:260 - AntiPaSTO Layer Init: model.layers.9.self_attn.o_proj, r=128, norms W=19.5, Wres=14.8, Wrank=12.7
2026-08-26 12:46:04.376 | DEBUG    | antipasto.peft_utils.antipasto_adapter:update_layer:230 - Loaded SVD bases: layer=model.layers.9.mlp.down_proj, r=128
2026-08-26 12:46:04.376 | DEBUG    | antipasto.peft_utils.antipasto_adapter:update_layer:260 - AntiPaSTO Layer Init: model.layers.9.mlp.down_proj, r=128, norms W=34.4, Wres=29.5, Wrank=17.7
2026-08-26 12:46:04.377 | DEBUG    | antipasto.peft_utils.antipasto_adapter:update_layer:230 - Loaded SVD bases: layer=model.layers.10.self_attn.o_proj, r=128
2026-08-26 12:46:04.377 | DEBUG    | antipasto.peft_utils.antipasto_adapter:update_layer:260 - AntiPaSTO Layer Init: model.layers.10.self_attn.o_proj, r=128, norms W=21.5, Wres=15.5, Wrank=14.8
2026-08-26 12:46:04.379 | DEBUG    | antipasto.peft_utils.antipasto_adapter:update_layer:230 - Loaded SVD bases: layer=model.layers.10.mlp.down_proj, r=128
2026-08-26 12:46:04.379 | DEBUG    | antipasto.peft_utils.antipasto_adapter:update_layer:260 - AntiPaSTO Layer Init: model.layers.10.mlp.down_proj, r=128, norms W=33.3, Wres=29.1, Wrank=16.1
2026-08-26 12:46:04.380 | DEBUG    | antipasto.peft_utils.antipasto_adapter:update_layer:230 - Loaded SVD bases: layer=model.layers.11.self_attn.o_proj, r=128
2026-08-26 12:46:04.380 | DEBUG    | antipasto.peft_utils.antipasto_adapter:update_layer:260 - AntiPaSTO Layer Init: model.layers.11.self_attn.o_proj, r=128, norms W=23.0, Wres=16.2, Wrank=16.3
2026-08-26 12:46:04.381 | DEBUG    | antipasto.peft_utils.antipasto_adapter:update_layer:230 - Loaded SVD bases: layer=model.layers.11.mlp.down_proj, r=128
2026-08-26 12:46:04.382 | DEBUG    | antipasto.peft_utils.antipasto_adapter:update_layer:260 - AntiPaSTO Layer Init: model.layers.11.mlp.down_proj, r=128, norms W=30.3, Wres=26.9, Wrank=14.1
2026-08-26 12:46:04.382 | DEBUG    | antipasto.peft_utils.antipasto_adapter:update_layer:230 - Loaded SVD bases: layer=model.layers.12.self_attn.o_proj, r=128
2026-08-26 12:46:04.383 | DEBUG    | antipasto.peft_utils.antipasto_adapter:update_layer:260 - AntiPaSTO Layer Init: model.layers.12.self_attn.o_proj, r=128, norms W=24.3, Wres=18.8, Wrank=15.4
2026-08-26 12:46:04.384 | DEBUG    | antipasto.peft_utils.antipasto_adapter:update_layer:230 - Loaded SVD bases: layer=model.layers.12.mlp.down_proj, r=128
2026-08-26 12:46:04.384 | DEBUG    | antipasto.peft_utils.antipasto_adapter:update_layer:260 - AntiPaSTO Layer Init: model.layers.12.mlp.down_proj, r=128, norms W=22.1, Wres=19.7, Wrank=10.1
2026-08-26 12:46:04.385 | DEBUG    | antipasto.peft_utils.antipasto_adapter:update_layer:230 - Loaded SVD bases: layer=model.layers.13.self_attn.o_proj, r=128
2026-08-26 12:46:04.385 | DEBUG    | antipasto.peft_utils.antipasto_adapter:update_layer:260 - AntiPaSTO Layer Init: model.layers.13.self_attn.o_proj, r=128, norms W=23.8, Wres=17.7, Wrank=15.8
2026-08-26 12:46:04.386 | DEBUG    | antipasto.peft_utils.antipasto_adapter:update_layer:230 - Loaded SVD bases: layer=model.layers.13.mlp.down_proj, r=128
2026-08-26 12:46:04.387 | DEBUG    | antipasto.peft_utils.antipasto_adapter:update_layer:260 - AntiPaSTO Layer Init: model.layers.13.mlp.down_proj, r=128, norms W=20.1, Wres=17.8, Wrank=9.4
2026-08-26 12:46:04.387 | DEBUG    | antipasto.peft_utils.antipasto_adapter:update_layer:230 - Loaded SVD bases: layer=model.layers.14.self_attn.o_proj, r=128
2026-08-26 12:46:04.388 | DEBUG    | antipasto.peft_utils.antipasto_adapter:update_layer:260 - AntiPaSTO Layer Init: model.layers.14.self_attn.o_proj, r=128, norms W=27.0, Wres=19.8, Wrank=18.3
2026-08-26 12:46:04.389 | DEBUG    | antipasto.peft_utils.antipasto_adapter:update_layer:230 - Loaded SVD bases: layer=model.layers.14.mlp.down_proj, r=128
2026-08-26 12:46:04.389 | DEBUG    | antipasto.peft_utils.antipasto_adapter:update_layer:260 - AntiPaSTO Layer Init: model.layers.14.mlp.down_proj, r=128, norms W=22.7, Wres=19.9, Wrank=10.8
2026-08-26 12:46:04.390 | DEBUG    | antipasto.peft_utils.antipasto_adapter:update_layer:230 - Loaded SVD bases: layer=model.layers.15.self_attn.o_proj, r=128
2026-08-26 12:46:04.390 | DEBUG    | antipasto.peft_utils.antipasto_adapter:update_layer:260 - AntiPaSTO Layer Init: model.layers.15.self_attn.o_proj, r=128, norms W=25.4, Wres=19.5, Wrank=16.3
2026-08-26 12:46:04.391 | DEBUG    | antipasto.peft_utils.antipasto_adapter:update_layer:230 - Loaded SVD bases: layer=model.layers.15.mlp.down_proj, r=128
2026-08-26 12:46:04.392 | DEBUG    | antipasto.peft_utils.antipasto_adapter:update_layer:260 - AntiPaSTO Layer Init: model.layers.15.mlp.down_proj, r=128, norms W=34.3, Wres=30.4, Wrank=15.9
2026-08-26 12:46:04.393 | DEBUG    | antipasto.peft_utils.antipasto_adapter:update_layer:230 - Loaded SVD bases: layer=model.layers.16.self_attn.o_proj, r=128
2026-08-26 12:46:04.393 | DEBUG    | antipasto.peft_utils.antipasto_adapter:update_layer:260 - AntiPaSTO Layer Init: model.layers.16.self_attn.o_proj, r=128, norms W=17.3, Wres=12.7, Wrank=11.7
2026-08-26 12:46:04.394 | DEBUG    | antipasto.peft_utils.antipasto_adapter:update_layer:230 - Loaded SVD bases: layer=model.layers.16.mlp.down_proj, r=128
2026-08-26 12:46:04.394 | DEBUG    | antipasto.peft_utils.antipasto_adapter:update_layer:260 - AntiPaSTO Layer Init: model.layers.16.mlp.down_proj, r=128, norms W=32.3, Wres=28.7, Wrank=14.9
2026-08-26 12:46:04.395 | DEBUG    | antipasto.peft_utils.antipasto_adapter:update_layer:230 - Loaded SVD bases: layer=model.layers.17.self_attn.o_proj, r=128
2026-08-26 12:46:04.395 | DEBUG    | antipasto.peft_utils.antipasto_adapter:update_layer:260 - AntiPaSTO Layer Init: model.layers.17.self_attn.o_proj, r=128, norms W=19.3, Wres=14.9, Wrank=12.2
2026-08-26 12:46:04.397 | DEBUG    | antipasto.peft_utils.antipasto_adapter:update_layer:230 - Loaded SVD bases: layer=model.layers.17.mlp.down_proj, r=128
2026-08-26 12:46:04.397 | DEBUG    | antipasto.peft_utils.antipasto_adapter:update_layer:260 - AntiPaSTO Layer Init: model.layers.17.mlp.down_proj, r=128, norms W=26.2, Wres=23.6, Wrank=11.4
2026-08-26 12:46:04.398 | DEBUG    | antipasto.peft_utils.antipasto_adapter:update_layer:230 - Loaded SVD bases: layer=model.layers.18.self_attn.o_proj, r=128
2026-08-26 12:46:04.398 | DEBUG    | antipasto.peft_utils.antipasto_adapter:update_layer:260 - AntiPaSTO Layer Init: model.layers.18.self_attn.o_proj, r=128, norms W=16.0, Wres=12.7, Wrank=9.7
2026-08-26 12:46:04.399 | DEBUG    | antipasto.peft_utils.antipasto_adapter:update_layer:230 - Loaded SVD bases: layer=model.layers.18.mlp.down_proj, r=128
2026-08-26 12:46:04.399 | DEBUG    | antipasto.peft_utils.antipasto_adapter:update_layer:260 - AntiPaSTO Layer Init: model.layers.18.mlp.down_proj, r=128, norms W=18.2, Wres=16.4, Wrank=7.9
2026-08-26 12:46:04.400 | DEBUG    | antipasto.peft_utils.antipasto_adapter:update_layer:230 - Loaded SVD bases: layer=model.layers.19.self_attn.o_proj, r=128
2026-08-26 12:46:04.401 | DEBUG    | antipasto.peft_utils.antipasto_adapter:update_layer:260 - AntiPaSTO Layer Init: model.layers.19.self_attn.o_proj, r=128, norms W=28.5, Wres=20.2, Wrank=20.1
2026-08-26 12:46:04.402 | DEBUG    | antipasto.peft_utils.antipasto_adapter:update_layer:230 - Loaded SVD bases: layer=model.layers.19.mlp.down_proj, r=128
2026-08-26 12:46:04.402 | DEBUG    | antipasto.peft_utils.antipasto_adapter:update_layer:260 - AntiPaSTO Layer Init: model.layers.19.mlp.down_proj, r=128, norms W=21.9, Wres=19.9, Wrank=9.3
2026-08-26 12:46:04.403 | DEBUG    | antipasto.peft_utils.antipasto_adapter:update_layer:230 - Loaded SVD bases: layer=model.layers.20.self_attn.o_proj, r=128
2026-08-26 12:46:04.403 | DEBUG    | antipasto.peft_utils.antipasto_adapter:update_layer:260 - AntiPaSTO Layer Init: model.layers.20.self_attn.o_proj, r=128, norms W=25.5, Wres=19.2, Wrank=16.8
2026-08-26 12:46:04.404 | DEBUG    | antipasto.peft_utils.antipasto_adapter:update_layer:230 - Loaded SVD bases: layer=model.layers.20.mlp.down_proj, r=128
2026-08-26 12:46:04.405 | DEBUG    | antipasto.peft_utils.antipasto_adapter:update_layer:260 - AntiPaSTO Layer Init: model.layers.20.mlp.down_proj, r=128, norms W=32.2, Wres=29.2, Wrank=13.6
2026-08-26 12:46:04.406 | DEBUG    | antipasto.peft_utils.antipasto_adapter:update_layer:230 - Loaded SVD bases: layer=model.layers.21.self_attn.o_proj, r=128
2026-08-26 12:46:04.406 | DEBUG    | antipasto.peft_utils.antipasto_adapter:update_layer:260 - AntiPaSTO Layer Init: model.layers.21.self_attn.o_proj, r=128, norms W=30.7, Wres=22.8, Wrank=20.6
2026-08-26 12:46:04.407 | DEBUG    | antipasto.peft_utils.antipasto_adapter:update_layer:230 - Loaded SVD bases: layer=model.layers.21.mlp.down_proj, r=128
2026-08-26 12:46:04.407 | DEBUG    | antipasto.peft_utils.antipasto_adapter:update_layer:260 - AntiPaSTO Layer Init: model.layers.21.mlp.down_proj, r=128, norms W=21.9, Wres=19.9, Wrank=9.2
2026-08-26 12:46:04.408 | DEBUG    | antipasto.peft_utils.antipasto_adapter:update_layer:230 - Loaded SVD bases: layer=model.layers.22.self_attn.o_proj, r=128
2026-08-26 12:46:04.408 | DEBUG    | antipasto.peft_utils.antipasto_adapter:update_layer:260 - AntiPaSTO Layer Init: model.layers.22.self_attn.o_proj, r=128, norms W=23.3, Wres=17.2, Wrank=15.7
2026-08-26 12:46:04.409 | DEBUG    | antipasto.peft_utils.antipasto_adapter:update_layer:230 - Loaded SVD bases: layer=model.layers.22.mlp.down_proj, r=128
2026-08-26 12:46:04.410 | DEBUG    | antipasto.peft_utils.antipasto_adapter:update_layer:260 - AntiPaSTO Layer Init: model.layers.22.mlp.down_proj, r=128, norms W=30.2, Wres=27.1, Wrank=13.4
2026-08-26 12:46:04.415 | INFO     | antipasto.peft_utils.load:load_adapter:223 - Adapter configured: rank=128, layers=42
2026-08-26 12:46:04.419 | INFO     | antipasto.peft_utils.load:load_adapter:240 - Loaded adapter from outputs/adapters/20260826_093640_paperconfig
2026-08-26 12:46:11.419 | DEBUG    | antipasto.train.daily_dilemas:load_and_process_daily_dilemmas_eval_dataset:308 - Extending daily_dilemmas with 160 math examples
2026-08-26 12:46:11.424 | DEBUG    | antipasto.train.daily_dilemas:load_and_process_daily_dilemmas_eval_dataset:314 - Extending daily_dilemmas with 160 preference examples
Formatting messages:   0%|          | 0/3040 [00:00<?, ? examples/s]Formatting messages:   8%|▊         | 243/3040 [00:00<00:01, 2398.88 examples/s]Formatting messages:  17%|█▋        | 504/3040 [00:00<00:01, 2514.46 examples/s]Formatting messages:  25%|██▌       | 765/3040 [00:00<00:00, 2553.23 examples/s]Formatting messages:  37%|███▋      | 1130/3040 [00:00<00:00, 2449.47 examples/s]Formatting messages:  46%|████▌     | 1390/3040 [00:00<00:00, 2496.34 examples/s]Formatting messages:  54%|█████▍    | 1648/3040 [00:00<00:00, 2519.19 examples/s]Formatting messages:  63%|██████▎   | 1907/3040 [00:00<00:00, 2535.86 examples/s]Formatting messages:  74%|███████▍  | 2263/3040 [00:00<00:00, 2466.60 examples/s]Formatting messages:  83%|████████▎ | 2519/3040 [00:01<00:00, 2489.93 examples/s]2026-08-26 12:46:12.757 | DEBUG    | antipasto.train.daily_dilemas:format_messages:278 - Input truncated to max_size=288 tokens for dilemma_idx=50010, idx=3020. Consider increasing max_size.
2026-08-26 12:46:12.758 | DEBUG    | antipasto.train.daily_dilemas:format_messages:278 - Input truncated to max_size=288 tokens for dilemma_idx=50010, idx=3021. Consider increasing max_size.
2026-08-26 12:46:12.758 | DEBUG    | antipasto.train.daily_dilemas:format_messages:278 - Input truncated to max_size=288 tokens for dilemma_idx=50011, idx=3022. Consider increasing max_size.
2026-08-26 12:46:12.759 | DEBUG    | antipasto.train.daily_dilemas:format_messages:278 - Input truncated to max_size=288 tokens for dilemma_idx=50011, idx=3023. Consider increasing max_size.
Formatting messages:  91%|█████████▏| 2781/3040 [00:01<00:00, 2522.88 examples/s]Formatting messages: 100%|██████████| 3040/3040 [00:01<00:00, 2511.93 examples/s]
2026-08-26 12:46:12.969 | DEBUG    | antipasto.train.daily_dilemas:load_and_process_daily_dilemmas_eval_dataset:334 - Max tokens in dataset: 288, of length 3040 examples.
2026-08-26 12:46:17.965 | DEBUG    | antipasto.train.daily_dilemas:evaluate_daily_dilemma:432 - logratio: 9.875, nll: 6.349, Example output:
 Yes
--------------------
2026-08-26 12:47:15.152 | DEBUG    | antipasto.train.daily_dilemas:evaluate_daily_dilemma:432 - logratio: 17.62, nll: 5.325, Example output:
 Yes
--------------------
2026-08-26 12:47:49.050 | DEBUG    | antipasto.train.daily_dilemas:evaluate_daily_dilemma:432 - logratio: 9.688, nll: 6.367, Example output:
 Yes
--------------------

===== standard | outputs/adapters/20260826_093640_paperconfig =====
pmass by coeff: {-1.0: 0.915, 0.0: 0.951, 1.0: 0.179}
## Main Results (Steering Quality)
| Method           |   Steer F1 ↑ |   Net Corr (raw) | Prec ↑   | Tgt Flip% ↑   |   Tgt Δ ↑ | Wrong% ↓   |   Wrong Δ ↓ | Arb Flip% ↓   |   Focus ↑ |   Coh ↓ |   Nats Lost ↓ |
|:-----------------|-------------:|-----------------:|:---------|:--------------|----------:|:-----------|------------:|:--------------|----------:|--------:|--------------:|
| AntiPaSTO (ours) |          0.7 |             0.19 | 22.8%    | 23.5%         |      6.15 | 2.9%       |        2.53 | 54.1%         |       2.5 |    0.86 |          8300 |


MAIN Steer F1 (standard): 0.7384071822730418
2026-08-26 12:48:50.407 | INFO     | antipasto.train.model_setup:load_model:59 - Loading model: google/gemma-3-1b-it
2026-08-26 12:48:53.301 | INFO     | antipasto.peft_utils.load:load_adapter:202 - Loaded SVD bases for 42 layers
2026-08-26 12:48:53.304 | DEBUG    | antipasto.peft_utils.antipasto_adapter:update_layer:230 - Loaded SVD bases: layer=model.layers.2.self_attn.o_proj, r=128
2026-08-26 12:48:53.304 | DEBUG    | antipasto.peft_utils.antipasto_adapter:update_layer:260 - AntiPaSTO Layer Init: model.layers.2.self_attn.o_proj, r=128, norms W=24.6, Wres=18.6, Wrank=16.0
2026-08-26 12:48:53.305 | DEBUG    | antipasto.peft_utils.antipasto_adapter:update_layer:230 - Loaded SVD bases: layer=model.layers.2.mlp.down_proj, r=128
2026-08-26 12:48:53.306 | DEBUG    | antipasto.peft_utils.antipasto_adapter:update_layer:260 - AntiPaSTO Layer Init: model.layers.2.mlp.down_proj, r=128, norms W=33.6, Wres=29.2, Wrank=16.7
2026-08-26 12:48:53.307 | DEBUG    | antipasto.peft_utils.antipasto_adapter:update_layer:230 - Loaded SVD bases: layer=model.layers.3.self_attn.o_proj, r=128
2026-08-26 12:48:53.307 | DEBUG    | antipasto.peft_utils.antipasto_adapter:update_layer:260 - AntiPaSTO Layer Init: model.layers.3.self_attn.o_proj, r=128, norms W=22.7, Wres=17.8, Wrank=14.0
2026-08-26 12:48:53.308 | DEBUG    | antipasto.peft_utils.antipasto_adapter:update_layer:230 - Loaded SVD bases: layer=model.layers.3.mlp.down_proj, r=128
2026-08-26 12:48:53.308 | DEBUG    | antipasto.peft_utils.antipasto_adapter:update_layer:260 - AntiPaSTO Layer Init: model.layers.3.mlp.down_proj, r=128, norms W=26.7, Wres=23.3, Wrank=13.1
2026-08-26 12:48:53.309 | DEBUG    | antipasto.peft_utils.antipasto_adapter:update_layer:230 - Loaded SVD bases: layer=model.layers.4.self_attn.o_proj, r=128
2026-08-26 12:48:53.309 | DEBUG    | antipasto.peft_utils.antipasto_adapter:update_layer:260 - AntiPaSTO Layer Init: model.layers.4.self_attn.o_proj, r=128, norms W=17.5, Wres=12.8, Wrank=12.0
2026-08-26 12:48:53.310 | DEBUG    | antipasto.peft_utils.antipasto_adapter:update_layer:230 - Loaded SVD bases: layer=model.layers.4.mlp.down_proj, r=128
2026-08-26 12:48:53.311 | DEBUG    | antipasto.peft_utils.antipasto_adapter:update_layer:260 - AntiPaSTO Layer Init: model.layers.4.mlp.down_proj, r=128, norms W=18.8, Wres=16.7, Wrank=8.6
2026-08-26 12:48:53.312 | DEBUG    | antipasto.peft_utils.antipasto_adapter:update_layer:230 - Loaded SVD bases: layer=model.layers.5.self_attn.o_proj, r=128
2026-08-26 12:48:53.312 | DEBUG    | antipasto.peft_utils.antipasto_adapter:update_layer:260 - AntiPaSTO Layer Init: model.layers.5.self_attn.o_proj, r=128, norms W=29.5, Wres=21.8, Wrank=19.9
2026-08-26 12:48:53.313 | DEBUG    | antipasto.peft_utils.antipasto_adapter:update_layer:230 - Loaded SVD bases: layer=model.layers.5.mlp.down_proj, r=128
2026-08-26 12:48:53.313 | DEBUG    | antipasto.peft_utils.antipasto_adapter:update_layer:260 - AntiPaSTO Layer Init: model.layers.5.mlp.down_proj, r=128, norms W=34.8, Wres=31.2, Wrank=15.3
2026-08-26 12:48:53.314 | DEBUG    | antipasto.peft_utils.antipasto_adapter:update_layer:230 - Loaded SVD bases: layer=model.layers.6.self_attn.o_proj, r=128
2026-08-26 12:48:53.314 | DEBUG    | antipasto.peft_utils.antipasto_adapter:update_layer:260 - AntiPaSTO Layer Init: model.layers.6.self_attn.o_proj, r=128, norms W=27.7, Wres=21.2, Wrank=17.9
2026-08-26 12:48:53.316 | DEBUG    | antipasto.peft_utils.antipasto_adapter:update_layer:230 - Loaded SVD bases: layer=model.layers.6.mlp.down_proj, r=128
2026-08-26 12:48:53.316 | DEBUG    | antipasto.peft_utils.antipasto_adapter:update_layer:260 - AntiPaSTO Layer Init: model.layers.6.mlp.down_proj, r=128, norms W=33.7, Wres=30.1, Wrank=15.3
2026-08-26 12:48:53.317 | DEBUG    | antipasto.peft_utils.antipasto_adapter:update_layer:230 - Loaded SVD bases: layer=model.layers.7.self_attn.o_proj, r=128
2026-08-26 12:48:53.317 | DEBUG    | antipasto.peft_utils.antipasto_adapter:update_layer:260 - AntiPaSTO Layer Init: model.layers.7.self_attn.o_proj, r=128, norms W=32.6, Wres=22.4, Wrank=23.6
2026-08-26 12:48:53.318 | DEBUG    | antipasto.peft_utils.antipasto_adapter:update_layer:230 - Loaded SVD bases: layer=model.layers.7.mlp.down_proj, r=128
2026-08-26 12:48:53.319 | DEBUG    | antipasto.peft_utils.antipasto_adapter:update_layer:260 - AntiPaSTO Layer Init: model.layers.7.mlp.down_proj, r=128, norms W=27.9, Wres=24.8, Wrank=12.8
2026-08-26 12:48:53.319 | DEBUG    | antipasto.peft_utils.antipasto_adapter:update_layer:230 - Loaded SVD bases: layer=model.layers.8.self_attn.o_proj, r=128
2026-08-26 12:48:53.320 | DEBUG    | antipasto.peft_utils.antipasto_adapter:update_layer:260 - AntiPaSTO Layer Init: model.layers.8.self_attn.o_proj, r=128, norms W=32.8, Wres=24.9, Wrank=21.3
2026-08-26 12:48:53.321 | DEBUG    | antipasto.peft_utils.antipasto_adapter:update_layer:230 - Loaded SVD bases: layer=model.layers.8.mlp.down_proj, r=128
2026-08-26 12:48:53.321 | DEBUG    | antipasto.peft_utils.antipasto_adapter:update_layer:260 - AntiPaSTO Layer Init: model.layers.8.mlp.down_proj, r=128, norms W=18.6, Wres=16.4, Wrank=8.8
2026-08-26 12:48:53.322 | DEBUG    | antipasto.peft_utils.antipasto_adapter:update_layer:230 - Loaded SVD bases: layer=model.layers.9.self_attn.o_proj, r=128
2026-08-26 12:48:53.322 | DEBUG    | antipasto.peft_utils.antipasto_adapter:update_layer:260 - AntiPaSTO Layer Init: model.layers.9.self_attn.o_proj, r=128, norms W=19.5, Wres=14.8, Wrank=12.7
2026-08-26 12:48:53.323 | DEBUG    | antipasto.peft_utils.antipasto_adapter:update_layer:230 - Loaded SVD bases: layer=model.layers.9.mlp.down_proj, r=128
2026-08-26 12:48:53.324 | DEBUG    | antipasto.peft_utils.antipasto_adapter:update_layer:260 - AntiPaSTO Layer Init: model.layers.9.mlp.down_proj, r=128, norms W=34.4, Wres=29.5, Wrank=17.7
2026-08-26 12:48:53.325 | DEBUG    | antipasto.peft_utils.antipasto_adapter:update_layer:230 - Loaded SVD bases: layer=model.layers.10.self_attn.o_proj, r=128
2026-08-26 12:48:53.325 | DEBUG    | antipasto.peft_utils.antipasto_adapter:update_layer:260 - AntiPaSTO Layer Init: model.layers.10.self_attn.o_proj, r=128, norms W=21.5, Wres=15.5, Wrank=14.8
2026-08-26 12:48:53.326 | DEBUG    | antipasto.peft_utils.antipasto_adapter:update_layer:230 - Loaded SVD bases: layer=model.layers.10.mlp.down_proj, r=128
2026-08-26 12:48:53.326 | DEBUG    | antipasto.peft_utils.antipasto_adapter:update_layer:260 - AntiPaSTO Layer Init: model.layers.10.mlp.down_proj, r=128, norms W=33.3, Wres=29.1, Wrank=16.1
2026-08-26 12:48:53.327 | DEBUG    | antipasto.peft_utils.antipasto_adapter:update_layer:230 - Loaded SVD bases: layer=model.layers.11.self_attn.o_proj, r=128
2026-08-26 12:48:53.327 | DEBUG    | antipasto.peft_utils.antipasto_adapter:update_layer:260 - AntiPaSTO Layer Init: model.layers.11.self_attn.o_proj, r=128, norms W=23.0, Wres=16.2, Wrank=16.3
2026-08-26 12:48:53.328 | DEBUG    | antipasto.peft_utils.antipasto_adapter:update_layer:230 - Loaded SVD bases: layer=model.layers.11.mlp.down_proj, r=128
2026-08-26 12:48:53.329 | DEBUG    | antipasto.peft_utils.antipasto_adapter:update_layer:260 - AntiPaSTO Layer Init: model.layers.11.mlp.down_proj, r=128, norms W=30.3, Wres=26.9, Wrank=14.1
2026-08-26 12:48:53.330 | DEBUG    | antipasto.peft_utils.antipasto_adapter:update_layer:230 - Loaded SVD bases: layer=model.layers.12.self_attn.o_proj, r=128
2026-08-26 12:48:53.330 | DEBUG    | antipasto.peft_utils.antipasto_adapter:update_layer:260 - AntiPaSTO Layer Init: model.layers.12.self_attn.o_proj, r=128, norms W=24.3, Wres=18.8, Wrank=15.4
2026-08-26 12:48:53.331 | DEBUG    | antipasto.peft_utils.antipasto_adapter:update_layer:230 - Loaded SVD bases: layer=model.layers.12.mlp.down_proj, r=128
2026-08-26 12:48:53.331 | DEBUG    | antipasto.peft_utils.antipasto_adapter:update_layer:260 - AntiPaSTO Layer Init: model.layers.12.mlp.down_proj, r=128, norms W=22.1, Wres=19.7, Wrank=10.1
2026-08-26 12:48:53.332 | DEBUG    | antipasto.peft_utils.antipasto_adapter:update_layer:230 - Loaded SVD bases: layer=model.layers.13.self_attn.o_proj, r=128
2026-08-26 12:48:53.332 | DEBUG    | antipasto.peft_utils.antipasto_adapter:update_layer:260 - AntiPaSTO Layer Init: model.layers.13.self_attn.o_proj, r=128, norms W=23.8, Wres=17.7, Wrank=15.8
2026-08-26 12:48:53.334 | DEBUG    | antipasto.peft_utils.antipasto_adapter:update_layer:230 - Loaded SVD bases: layer=model.layers.13.mlp.down_proj, r=128
2026-08-26 12:48:53.335 | DEBUG    | antipasto.peft_utils.antipasto_adapter:update_layer:260 - AntiPaSTO Layer Init: model.layers.13.mlp.down_proj, r=128, norms W=20.1, Wres=17.8, Wrank=9.4
2026-08-26 12:48:53.336 | DEBUG    | antipasto.peft_utils.antipasto_adapter:update_layer:230 - Loaded SVD bases: layer=model.layers.14.self_attn.o_proj, r=128
2026-08-26 12:48:53.336 | DEBUG    | antipasto.peft_utils.antipasto_adapter:update_layer:260 - AntiPaSTO Layer Init: model.layers.14.self_attn.o_proj, r=128, norms W=27.0, Wres=19.8, Wrank=18.3
2026-08-26 12:48:53.337 | DEBUG    | antipasto.peft_utils.antipasto_adapter:update_layer:230 - Loaded SVD bases: layer=model.layers.14.mlp.down_proj, r=128
2026-08-26 12:48:53.337 | DEBUG    | antipasto.peft_utils.antipasto_adapter:update_layer:260 - AntiPaSTO Layer Init: model.layers.14.mlp.down_proj, r=128, norms W=22.7, Wres=19.9, Wrank=10.8
2026-08-26 12:48:53.338 | DEBUG    | antipasto.peft_utils.antipasto_adapter:update_layer:230 - Loaded SVD bases: layer=model.layers.15.self_attn.o_proj, r=128
2026-08-26 12:48:53.338 | DEBUG    | antipasto.peft_utils.antipasto_adapter:update_layer:260 - AntiPaSTO Layer Init: model.layers.15.self_attn.o_proj, r=128, norms W=25.4, Wres=19.5, Wrank=16.3
2026-08-26 12:48:53.339 | DEBUG    | antipasto.peft_utils.antipasto_adapter:update_layer:230 - Loaded SVD bases: layer=model.layers.15.mlp.down_proj, r=128
2026-08-26 12:48:53.340 | DEBUG    | antipasto.peft_utils.antipasto_adapter:update_layer:260 - AntiPaSTO Layer Init: model.layers.15.mlp.down_proj, r=128, norms W=34.3, Wres=30.4, Wrank=15.9
2026-08-26 12:48:53.341 | DEBUG    | antipasto.peft_utils.antipasto_adapter:update_layer:230 - Loaded SVD bases: layer=model.layers.16.self_attn.o_proj, r=128
2026-08-26 12:48:53.341 | DEBUG    | antipasto.peft_utils.antipasto_adapter:update_layer:260 - AntiPaSTO Layer Init: model.layers.16.self_attn.o_proj, r=128, norms W=17.3, Wres=12.7, Wrank=11.7
2026-08-26 12:48:53.342 | DEBUG    | antipasto.peft_utils.antipasto_adapter:update_layer:230 - Loaded SVD bases: layer=model.layers.16.mlp.down_proj, r=128
2026-08-26 12:48:53.342 | DEBUG    | antipasto.peft_utils.antipasto_adapter:update_layer:260 - AntiPaSTO Layer Init: model.layers.16.mlp.down_proj, r=128, norms W=32.3, Wres=28.7, Wrank=14.9
2026-08-26 12:48:53.343 | DEBUG    | antipasto.peft_utils.antipasto_adapter:update_layer:230 - Loaded SVD bases: layer=model.layers.17.self_attn.o_proj, r=128
2026-08-26 12:48:53.343 | DEBUG    | antipasto.peft_utils.antipasto_adapter:update_layer:260 - AntiPaSTO Layer Init: model.layers.17.self_attn.o_proj, r=128, norms W=19.3, Wres=14.9, Wrank=12.2
2026-08-26 12:48:53.345 | DEBUG    | antipasto.peft_utils.antipasto_adapter:update_layer:230 - Loaded SVD bases: layer=model.layers.17.mlp.down_proj, r=128
2026-08-26 12:48:53.345 | DEBUG    | antipasto.peft_utils.antipasto_adapter:update_layer:260 - AntiPaSTO Layer Init: model.layers.17.mlp.down_proj, r=128, norms W=26.2, Wres=23.6, Wrank=11.4
2026-08-26 12:48:53.346 | DEBUG    | antipasto.peft_utils.antipasto_adapter:update_layer:230 - Loaded SVD bases: layer=model.layers.18.self_attn.o_proj, r=128
2026-08-26 12:48:53.346 | DEBUG    | antipasto.peft_utils.antipasto_adapter:update_layer:260 - AntiPaSTO Layer Init: model.layers.18.self_attn.o_proj, r=128, norms W=16.0, Wres=12.7, Wrank=9.7
2026-08-26 12:48:53.347 | DEBUG    | antipasto.peft_utils.antipasto_adapter:update_layer:230 - Loaded SVD bases: layer=model.layers.18.mlp.down_proj, r=128
2026-08-26 12:48:53.347 | DEBUG    | antipasto.peft_utils.antipasto_adapter:update_layer:260 - AntiPaSTO Layer Init: model.layers.18.mlp.down_proj, r=128, norms W=18.2, Wres=16.4, Wrank=7.9
2026-08-26 12:48:53.348 | DEBUG    | antipasto.peft_utils.antipasto_adapter:update_layer:230 - Loaded SVD bases: layer=model.layers.19.self_attn.o_proj, r=128
2026-08-26 12:48:53.349 | DEBUG    | antipasto.peft_utils.antipasto_adapter:update_layer:260 - AntiPaSTO Layer Init: model.layers.19.self_attn.o_proj, r=128, norms W=28.5, Wres=20.2, Wrank=20.1
2026-08-26 12:48:53.350 | DEBUG    | antipasto.peft_utils.antipasto_adapter:update_layer:230 - Loaded SVD bases: layer=model.layers.19.mlp.down_proj, r=128
2026-08-26 12:48:53.350 | DEBUG    | antipasto.peft_utils.antipasto_adapter:update_layer:260 - AntiPaSTO Layer Init: model.layers.19.mlp.down_proj, r=128, norms W=21.9, Wres=19.9, Wrank=9.3
2026-08-26 12:48:53.351 | DEBUG    | antipasto.peft_utils.antipasto_adapter:update_layer:230 - Loaded SVD bases: layer=model.layers.20.self_attn.o_proj, r=128
2026-08-26 12:48:53.351 | DEBUG    | antipasto.peft_utils.antipasto_adapter:update_layer:260 - AntiPaSTO Layer Init: model.layers.20.self_attn.o_proj, r=128, norms W=25.5, Wres=19.2, Wrank=16.8
2026-08-26 12:48:53.575 | DEBUG    | antipasto.peft_utils.antipasto_adapter:update_layer:230 - Loaded SVD bases: layer=model.layers.20.mlp.down_proj, r=128
2026-08-26 12:48:53.576 | DEBUG    | antipasto.peft_utils.antipasto_adapter:update_layer:260 - AntiPaSTO Layer Init: model.layers.20.mlp.down_proj, r=128, norms W=32.2, Wres=29.2, Wrank=13.6
2026-08-26 12:48:53.577 | DEBUG    | antipasto.peft_utils.antipasto_adapter:update_layer:230 - Loaded SVD bases: layer=model.layers.21.self_attn.o_proj, r=128
2026-08-26 12:48:53.577 | DEBUG    | antipasto.peft_utils.antipasto_adapter:update_layer:260 - AntiPaSTO Layer Init: model.layers.21.self_attn.o_proj, r=128, norms W=30.7, Wres=22.8, Wrank=20.6
2026-08-26 12:48:53.578 | DEBUG    | antipasto.peft_utils.antipasto_adapter:update_layer:230 - Loaded SVD bases: layer=model.layers.21.mlp.down_proj, r=128
2026-08-26 12:48:53.578 | DEBUG    | antipasto.peft_utils.antipasto_adapter:update_layer:260 - AntiPaSTO Layer Init: model.layers.21.mlp.down_proj, r=128, norms W=21.9, Wres=19.9, Wrank=9.2
2026-08-26 12:48:53.579 | DEBUG    | antipasto.peft_utils.antipasto_adapter:update_layer:230 - Loaded SVD bases: layer=model.layers.22.self_attn.o_proj, r=128
2026-08-26 12:48:53.580 | DEBUG    | antipasto.peft_utils.antipasto_adapter:update_layer:260 - AntiPaSTO Layer Init: model.layers.22.self_attn.o_proj, r=128, norms W=23.3, Wres=17.2, Wrank=15.7
2026-08-26 12:48:53.581 | DEBUG    | antipasto.peft_utils.antipasto_adapter:update_layer:230 - Loaded SVD bases: layer=model.layers.22.mlp.down_proj, r=128
2026-08-26 12:48:53.581 | DEBUG    | antipasto.peft_utils.antipasto_adapter:update_layer:260 - AntiPaSTO Layer Init: model.layers.22.mlp.down_proj, r=128, norms W=30.2, Wres=27.1, Wrank=13.4
2026-08-26 12:48:53.586 | INFO     | antipasto.peft_utils.load:load_adapter:223 - Adapter configured: rank=128, layers=42
2026-08-26 12:48:53.591 | INFO     | antipasto.peft_utils.load:load_adapter:240 - Loaded adapter from outputs/adapters/20260826_093640_paperconfig
2026-08-26 12:48:58.965 | DEBUG    | antipasto.train.daily_dilemas:load_and_process_daily_dilemmas_eval_dataset:308 - Extending daily_dilemmas with 160 math examples
2026-08-26 12:48:58.970 | DEBUG    | antipasto.train.daily_dilemas:load_and_process_daily_dilemmas_eval_dataset:314 - Extending daily_dilemmas with 160 preference examples
2026-08-26 12:48:59.308 | DEBUG    | antipasto.train.daily_dilemas:load_and_process_daily_dilemmas_eval_dataset:334 - Max tokens in dataset: 288, of length 3040 examples.
2026-08-26 12:49:03.960 | DEBUG    | antipasto.train.daily_dilemas:evaluate_daily_dilemma:432 - logratio: 9.875, nll: 6.349, Example output:
 Yes
--------------------
2026-08-26 12:51:03.777 | DEBUG    | antipasto.train.daily_dilemas:evaluate_daily_dilemma:432 - logratio: 17.62, nll: 5.325, Example output:
 Yes
--------------------
2026-08-26 12:52:16.708 | DEBUG    | antipasto.train.daily_dilemas:evaluate_daily_dilemma:432 - logratio: 10.02, nll: 6.367, Example output:
 Yes
--------------------

===== bold_tolerant | outputs/adapters/20260826_093640_paperconfig =====
pmass by coeff: {-1.0: 0.915, 0.0: 0.951, 1.0: 0.697}
## Main Results (Steering Quality)
| Method           |   Steer F1 ↑ |   Net Corr (raw) | Prec ↑   | Tgt Flip% ↑   |   Tgt Δ ↑ | Wrong% ↓   |   Wrong Δ ↓ | Arb Flip% ↓   |   Focus ↑ |   Coh ↓ |   Nats Lost ↓ |
|:-----------------|-------------:|-----------------:|:---------|:--------------|----------:|:-----------|------------:|:--------------|----------:|--------:|--------------:|
| AntiPaSTO (ours) |         14.1 |             0.25 | 27.6%    | 29.7%         |      7.81 | 2.8%       |        7.75 | 54.4%         |       2.3 |    0.86 |          1552 |


MAIN Steer F1 (bold_tolerant): 14.05368240393405

SUMMARY outputs/adapters/20260826_093640_paperconfig: standard Steer F1 = 0.7384071822730418; bold-tolerant Steer F1 = 14.05368240393405
