2026-08-26 12:54:27.279 | INFO     | antipasto.train.model_setup:load_model:59 - Loading model: google/gemma-3-1b-it
2026-08-26 12:54:30.061 | INFO     | antipasto.peft_utils.load:load_adapter:202 - Loaded SVD bases for 42 layers
2026-08-26 12:54:30.107 | DEBUG    | antipasto.peft_utils.antipasto_adapter:update_layer:230 - Loaded SVD bases: layer=model.layers.2.self_attn.o_proj, r=64
2026-08-26 12:54:30.114 | DEBUG    | antipasto.peft_utils.antipasto_adapter:update_layer:260 - AntiPaSTO Layer Init: model.layers.2.self_attn.o_proj, r=64, norms W=24.6, Wres=20.7, Wrank=13.2
2026-08-26 12:54:30.123 | DEBUG    | antipasto.peft_utils.antipasto_adapter:update_layer:230 - Loaded SVD bases: layer=model.layers.2.mlp.down_proj, r=64
2026-08-26 12:54:30.124 | DEBUG    | antipasto.peft_utils.antipasto_adapter:update_layer:260 - AntiPaSTO Layer Init: model.layers.2.mlp.down_proj, r=64, norms W=33.6, Wres=30.6, Wrank=14.0
2026-08-26 12:54:30.125 | DEBUG    | antipasto.peft_utils.antipasto_adapter:update_layer:230 - Loaded SVD bases: layer=model.layers.3.self_attn.o_proj, r=64
2026-08-26 12:54:30.125 | DEBUG    | antipasto.peft_utils.antipasto_adapter:update_layer:260 - AntiPaSTO Layer Init: model.layers.3.self_attn.o_proj, r=64, norms W=22.7, Wres=19.7, Wrank=11.3
2026-08-26 12:54:30.127 | DEBUG    | antipasto.peft_utils.antipasto_adapter:update_layer:230 - Loaded SVD bases: layer=model.layers.3.mlp.down_proj, r=64
2026-08-26 12:54:30.127 | DEBUG    | antipasto.peft_utils.antipasto_adapter:update_layer:260 - AntiPaSTO Layer Init: model.layers.3.mlp.down_proj, r=64, norms W=26.7, Wres=24.4, Wrank=11.0
2026-08-26 12:54:30.128 | DEBUG    | antipasto.peft_utils.antipasto_adapter:update_layer:230 - Loaded SVD bases: layer=model.layers.4.self_attn.o_proj, r=64
2026-08-26 12:54:30.128 | DEBUG    | antipasto.peft_utils.antipasto_adapter:update_layer:260 - AntiPaSTO Layer Init: model.layers.4.self_attn.o_proj, r=64, norms W=17.5, Wres=14.8, Wrank=9.5
2026-08-26 12:54:30.130 | DEBUG    | antipasto.peft_utils.antipasto_adapter:update_layer:230 - Loaded SVD bases: layer=model.layers.4.mlp.down_proj, r=64
2026-08-26 12:54:30.130 | DEBUG    | antipasto.peft_utils.antipasto_adapter:update_layer:260 - AntiPaSTO Layer Init: model.layers.4.mlp.down_proj, r=64, norms W=18.8, Wres=17.5, Wrank=6.9
2026-08-26 12:54:30.131 | DEBUG    | antipasto.peft_utils.antipasto_adapter:update_layer:230 - Loaded SVD bases: layer=model.layers.5.self_attn.o_proj, r=64
2026-08-26 12:54:30.131 | DEBUG    | antipasto.peft_utils.antipasto_adapter:update_layer:260 - AntiPaSTO Layer Init: model.layers.5.self_attn.o_proj, r=64, norms W=29.5, Wres=24.8, Wrank=15.9
2026-08-26 12:54:30.133 | DEBUG    | antipasto.peft_utils.antipasto_adapter:update_layer:230 - Loaded SVD bases: layer=model.layers.5.mlp.down_proj, r=64
2026-08-26 12:54:30.133 | DEBUG    | antipasto.peft_utils.antipasto_adapter:update_layer:260 - AntiPaSTO Layer Init: model.layers.5.mlp.down_proj, r=64, norms W=34.8, Wres=32.6, Wrank=12.0
2026-08-26 12:54:30.134 | DEBUG    | antipasto.peft_utils.antipasto_adapter:update_layer:230 - Loaded SVD bases: layer=model.layers.6.self_attn.o_proj, r=64
2026-08-26 12:54:30.134 | DEBUG    | antipasto.peft_utils.antipasto_adapter:update_layer:260 - AntiPaSTO Layer Init: model.layers.6.self_attn.o_proj, r=64, norms W=27.7, Wres=23.9, Wrank=14.1
2026-08-26 12:54:30.136 | DEBUG    | antipasto.peft_utils.antipasto_adapter:update_layer:230 - Loaded SVD bases: layer=model.layers.6.mlp.down_proj, r=64
2026-08-26 12:54:30.136 | DEBUG    | antipasto.peft_utils.antipasto_adapter:update_layer:260 - AntiPaSTO Layer Init: model.layers.6.mlp.down_proj, r=64, norms W=33.7, Wres=31.6, Wrank=11.9
2026-08-26 12:54:30.137 | DEBUG    | antipasto.peft_utils.antipasto_adapter:update_layer:230 - Loaded SVD bases: layer=model.layers.7.self_attn.o_proj, r=64
2026-08-26 12:54:30.137 | DEBUG    | antipasto.peft_utils.antipasto_adapter:update_layer:260 - AntiPaSTO Layer Init: model.layers.7.self_attn.o_proj, r=64, norms W=32.6, Wres=26.9, Wrank=18.4
2026-08-26 12:54:30.139 | DEBUG    | antipasto.peft_utils.antipasto_adapter:update_layer:230 - Loaded SVD bases: layer=model.layers.7.mlp.down_proj, r=64
2026-08-26 12:54:30.139 | DEBUG    | antipasto.peft_utils.antipasto_adapter:update_layer:260 - AntiPaSTO Layer Init: model.layers.7.mlp.down_proj, r=64, norms W=27.9, Wres=26.0, Wrank=10.0
2026-08-26 12:54:30.140 | DEBUG    | antipasto.peft_utils.antipasto_adapter:update_layer:230 - Loaded SVD bases: layer=model.layers.8.self_attn.o_proj, r=64
2026-08-26 12:54:30.140 | DEBUG    | antipasto.peft_utils.antipasto_adapter:update_layer:260 - AntiPaSTO Layer Init: model.layers.8.self_attn.o_proj, r=64, norms W=32.8, Wres=27.8, Wrank=17.4
2026-08-26 12:54:30.142 | DEBUG    | antipasto.peft_utils.antipasto_adapter:update_layer:230 - Loaded SVD bases: layer=model.layers.8.mlp.down_proj, r=64
2026-08-26 12:54:30.142 | DEBUG    | antipasto.peft_utils.antipasto_adapter:update_layer:260 - AntiPaSTO Layer Init: model.layers.8.mlp.down_proj, r=64, norms W=18.6, Wres=17.3, Wrank=6.9
2026-08-26 12:54:30.143 | DEBUG    | antipasto.peft_utils.antipasto_adapter:update_layer:230 - Loaded SVD bases: layer=model.layers.9.self_attn.o_proj, r=64
2026-08-26 12:54:30.143 | DEBUG    | antipasto.peft_utils.antipasto_adapter:update_layer:260 - AntiPaSTO Layer Init: model.layers.9.self_attn.o_proj, r=64, norms W=19.5, Wres=16.9, Wrank=9.6
2026-08-26 12:54:30.145 | DEBUG    | antipasto.peft_utils.antipasto_adapter:update_layer:230 - Loaded SVD bases: layer=model.layers.9.mlp.down_proj, r=64
2026-08-26 12:54:30.145 | DEBUG    | antipasto.peft_utils.antipasto_adapter:update_layer:260 - AntiPaSTO Layer Init: model.layers.9.mlp.down_proj, r=64, norms W=34.4, Wres=31.5, Wrank=13.9
2026-08-26 12:54:30.146 | DEBUG    | antipasto.peft_utils.antipasto_adapter:update_layer:230 - Loaded SVD bases: layer=model.layers.10.self_attn.o_proj, r=64
2026-08-26 12:54:30.146 | DEBUG    | antipasto.peft_utils.antipasto_adapter:update_layer:260 - AntiPaSTO Layer Init: model.layers.10.self_attn.o_proj, r=64, norms W=21.5, Wres=17.7, Wrank=12.2
2026-08-26 12:54:30.148 | DEBUG    | antipasto.peft_utils.antipasto_adapter:update_layer:230 - Loaded SVD bases: layer=model.layers.10.mlp.down_proj, r=64
2026-08-26 12:54:30.148 | DEBUG    | antipasto.peft_utils.antipasto_adapter:update_layer:260 - AntiPaSTO Layer Init: model.layers.10.mlp.down_proj, r=64, norms W=33.3, Wres=30.8, Wrank=12.7
2026-08-26 12:54:30.149 | DEBUG    | antipasto.peft_utils.antipasto_adapter:update_layer:230 - Loaded SVD bases: layer=model.layers.11.self_attn.o_proj, r=64
2026-08-26 12:54:30.149 | DEBUG    | antipasto.peft_utils.antipasto_adapter:update_layer:260 - AntiPaSTO Layer Init: model.layers.11.self_attn.o_proj, r=64, norms W=23.0, Wres=18.2, Wrank=13.9
2026-08-26 12:54:30.151 | DEBUG    | antipasto.peft_utils.antipasto_adapter:update_layer:230 - Loaded SVD bases: layer=model.layers.11.mlp.down_proj, r=64
2026-08-26 12:54:30.152 | DEBUG    | antipasto.peft_utils.antipasto_adapter:update_layer:260 - AntiPaSTO Layer Init: model.layers.11.mlp.down_proj, r=64, norms W=30.3, Wres=28.3, Wrank=11.0
2026-08-26 12:54:30.152 | DEBUG    | antipasto.peft_utils.antipasto_adapter:update_layer:230 - Loaded SVD bases: layer=model.layers.12.self_attn.o_proj, r=64
2026-08-26 12:54:30.153 | DEBUG    | antipasto.peft_utils.antipasto_adapter:update_layer:260 - AntiPaSTO Layer Init: model.layers.12.self_attn.o_proj, r=64, norms W=24.3, Wres=19.9, Wrank=13.9
2026-08-26 12:54:30.155 | DEBUG    | antipasto.peft_utils.antipasto_adapter:update_layer:230 - Loaded SVD bases: layer=model.layers.12.mlp.down_proj, r=64
2026-08-26 12:54:30.155 | DEBUG    | antipasto.peft_utils.antipasto_adapter:update_layer:260 - AntiPaSTO Layer Init: model.layers.12.mlp.down_proj, r=64, norms W=22.1, Wres=20.7, Wrank=8.0
2026-08-26 12:54:30.156 | DEBUG    | antipasto.peft_utils.antipasto_adapter:update_layer:230 - Loaded SVD bases: layer=model.layers.13.self_attn.o_proj, r=64
2026-08-26 12:54:30.156 | DEBUG    | antipasto.peft_utils.antipasto_adapter:update_layer:260 - AntiPaSTO Layer Init: model.layers.13.self_attn.o_proj, r=64, norms W=23.8, Wres=20.1, Wrank=12.6
2026-08-26 12:54:30.158 | DEBUG    | antipasto.peft_utils.antipasto_adapter:update_layer:230 - Loaded SVD bases: layer=model.layers.13.mlp.down_proj, r=64
2026-08-26 12:54:30.158 | DEBUG    | antipasto.peft_utils.antipasto_adapter:update_layer:260 - AntiPaSTO Layer Init: model.layers.13.mlp.down_proj, r=64, norms W=20.1, Wres=18.8, Wrank=7.3
2026-08-26 12:54:30.159 | DEBUG    | antipasto.peft_utils.antipasto_adapter:update_layer:230 - Loaded SVD bases: layer=model.layers.14.self_attn.o_proj, r=64
2026-08-26 12:54:30.159 | DEBUG    | antipasto.peft_utils.antipasto_adapter:update_layer:260 - AntiPaSTO Layer Init: model.layers.14.self_attn.o_proj, r=64, norms W=27.0, Wres=22.5, Wrank=14.9
2026-08-26 12:54:30.161 | DEBUG    | antipasto.peft_utils.antipasto_adapter:update_layer:230 - Loaded SVD bases: layer=model.layers.14.mlp.down_proj, r=64
2026-08-26 12:54:30.161 | DEBUG    | antipasto.peft_utils.antipasto_adapter:update_layer:260 - AntiPaSTO Layer Init: model.layers.14.mlp.down_proj, r=64, norms W=22.7, Wres=21.0, Wrank=8.5
2026-08-26 12:54:30.162 | DEBUG    | antipasto.peft_utils.antipasto_adapter:update_layer:230 - Loaded SVD bases: layer=model.layers.15.self_attn.o_proj, r=64
2026-08-26 12:54:30.162 | DEBUG    | antipasto.peft_utils.antipasto_adapter:update_layer:260 - AntiPaSTO Layer Init: model.layers.15.self_attn.o_proj, r=64, norms W=25.4, Wres=21.9, Wrank=12.7
2026-08-26 12:54:30.164 | DEBUG    | antipasto.peft_utils.antipasto_adapter:update_layer:230 - Loaded SVD bases: layer=model.layers.15.mlp.down_proj, r=64
2026-08-26 12:54:30.165 | DEBUG    | antipasto.peft_utils.antipasto_adapter:update_layer:260 - AntiPaSTO Layer Init: model.layers.15.mlp.down_proj, r=64, norms W=34.3, Wres=32.0, Wrank=12.3
2026-08-26 12:54:30.165 | DEBUG    | antipasto.peft_utils.antipasto_adapter:update_layer:230 - Loaded SVD bases: layer=model.layers.16.self_attn.o_proj, r=64
2026-08-26 12:54:30.166 | DEBUG    | antipasto.peft_utils.antipasto_adapter:update_layer:260 - AntiPaSTO Layer Init: model.layers.16.self_attn.o_proj, r=64, norms W=17.3, Wres=14.2, Wrank=9.7
2026-08-26 12:54:30.167 | DEBUG    | antipasto.peft_utils.antipasto_adapter:update_layer:230 - Loaded SVD bases: layer=model.layers.16.mlp.down_proj, r=64
2026-08-26 12:54:30.168 | DEBUG    | antipasto.peft_utils.antipasto_adapter:update_layer:260 - AntiPaSTO Layer Init: model.layers.16.mlp.down_proj, r=64, norms W=32.3, Wres=30.2, Wrank=11.7
2026-08-26 12:54:30.169 | DEBUG    | antipasto.peft_utils.antipasto_adapter:update_layer:230 - Loaded SVD bases: layer=model.layers.17.self_attn.o_proj, r=64
2026-08-26 12:54:30.169 | DEBUG    | antipasto.peft_utils.antipasto_adapter:update_layer:260 - AntiPaSTO Layer Init: model.layers.17.self_attn.o_proj, r=64, norms W=19.3, Wres=16.4, Wrank=10.1
2026-08-26 12:54:30.170 | DEBUG    | antipasto.peft_utils.antipasto_adapter:update_layer:230 - Loaded SVD bases: layer=model.layers.17.mlp.down_proj, r=64
2026-08-26 12:54:30.171 | DEBUG    | antipasto.peft_utils.antipasto_adapter:update_layer:260 - AntiPaSTO Layer Init: model.layers.17.mlp.down_proj, r=64, norms W=26.2, Wres=24.7, Wrank=9.0
2026-08-26 12:54:30.172 | DEBUG    | antipasto.peft_utils.antipasto_adapter:update_layer:230 - Loaded SVD bases: layer=model.layers.18.self_attn.o_proj, r=64
2026-08-26 12:54:30.172 | DEBUG    | antipasto.peft_utils.antipasto_adapter:update_layer:260 - AntiPaSTO Layer Init: model.layers.18.self_attn.o_proj, r=64, norms W=16.0, Wres=13.9, Wrank=8.0
2026-08-26 12:54:30.173 | DEBUG    | antipasto.peft_utils.antipasto_adapter:update_layer:230 - Loaded SVD bases: layer=model.layers.18.mlp.down_proj, r=64
2026-08-26 12:54:30.174 | DEBUG    | antipasto.peft_utils.antipasto_adapter:update_layer:260 - AntiPaSTO Layer Init: model.layers.18.mlp.down_proj, r=64, norms W=18.2, Wres=17.1, Wrank=6.2
2026-08-26 12:54:30.175 | DEBUG    | antipasto.peft_utils.antipasto_adapter:update_layer:230 - Loaded SVD bases: layer=model.layers.19.self_attn.o_proj, r=64
2026-08-26 12:54:30.175 | DEBUG    | antipasto.peft_utils.antipasto_adapter:update_layer:260 - AntiPaSTO Layer Init: model.layers.19.self_attn.o_proj, r=64, norms W=28.5, Wres=23.2, Wrank=16.5
2026-08-26 12:54:30.177 | DEBUG    | antipasto.peft_utils.antipasto_adapter:update_layer:230 - Loaded SVD bases: layer=model.layers.19.mlp.down_proj, r=64
2026-08-26 12:54:30.177 | DEBUG    | antipasto.peft_utils.antipasto_adapter:update_layer:260 - AntiPaSTO Layer Init: model.layers.19.mlp.down_proj, r=64, norms W=21.9, Wres=20.7, Wrank=7.4
2026-08-26 12:54:30.178 | DEBUG    | antipasto.peft_utils.antipasto_adapter:update_layer:230 - Loaded SVD bases: layer=model.layers.20.self_attn.o_proj, r=64
2026-08-26 12:54:30.178 | DEBUG    | antipasto.peft_utils.antipasto_adapter:update_layer:260 - AntiPaSTO Layer Init: model.layers.20.self_attn.o_proj, r=64, norms W=25.5, Wres=21.6, Wrank=13.6
2026-08-26 12:54:30.180 | DEBUG    | antipasto.peft_utils.antipasto_adapter:update_layer:230 - Loaded SVD bases: layer=model.layers.20.mlp.down_proj, r=64
2026-08-26 12:54:30.180 | DEBUG    | antipasto.peft_utils.antipasto_adapter:update_layer:260 - AntiPaSTO Layer Init: model.layers.20.mlp.down_proj, r=64, norms W=32.2, Wres=30.4, Wrank=10.3
2026-08-26 12:54:30.181 | DEBUG    | antipasto.peft_utils.antipasto_adapter:update_layer:230 - Loaded SVD bases: layer=model.layers.21.self_attn.o_proj, r=64
2026-08-26 12:54:30.181 | DEBUG    | antipasto.peft_utils.antipasto_adapter:update_layer:260 - AntiPaSTO Layer Init: model.layers.21.self_attn.o_proj, r=64, norms W=30.7, Wres=25.3, Wrank=17.4
2026-08-26 12:54:30.183 | DEBUG    | antipasto.peft_utils.antipasto_adapter:update_layer:230 - Loaded SVD bases: layer=model.layers.21.mlp.down_proj, r=64
2026-08-26 12:54:30.183 | DEBUG    | antipasto.peft_utils.antipasto_adapter:update_layer:260 - AntiPaSTO Layer Init: model.layers.21.mlp.down_proj, r=64, norms W=21.9, Wres=20.8, Wrank=7.0
2026-08-26 12:54:30.184 | DEBUG    | antipasto.peft_utils.antipasto_adapter:update_layer:230 - Loaded SVD bases: layer=model.layers.22.self_attn.o_proj, r=64
2026-08-26 12:54:30.184 | DEBUG    | antipasto.peft_utils.antipasto_adapter:update_layer:260 - AntiPaSTO Layer Init: model.layers.22.self_attn.o_proj, r=64, norms W=23.3, Wres=19.3, Wrank=13.1
2026-08-26 12:54:30.186 | DEBUG    | antipasto.peft_utils.antipasto_adapter:update_layer:230 - Loaded SVD bases: layer=model.layers.22.mlp.down_proj, r=64
2026-08-26 12:54:30.186 | DEBUG    | antipasto.peft_utils.antipasto_adapter:update_layer:260 - AntiPaSTO Layer Init: model.layers.22.mlp.down_proj, r=64, norms W=30.2, Wres=28.4, Wrank=10.2
2026-08-26 12:54:30.191 | INFO     | antipasto.peft_utils.load:load_adapter:223 - Adapter configured: rank=64, layers=42
2026-08-26 12:54:30.196 | INFO     | antipasto.peft_utils.load:load_adapter:240 - Loaded adapter from outputs/adapters/20260826_080947_g1b-antisym-r64-seed44
2026-08-26 12:54:36.419 | DEBUG    | antipasto.train.daily_dilemas:load_and_process_daily_dilemmas_eval_dataset:308 - Extending daily_dilemmas with 160 math examples
2026-08-26 12:54:36.424 | DEBUG    | antipasto.train.daily_dilemas:load_and_process_daily_dilemmas_eval_dataset:314 - Extending daily_dilemmas with 160 preference examples
2026-08-26 12:54:36.751 | DEBUG    | antipasto.train.daily_dilemas:load_and_process_daily_dilemmas_eval_dataset:334 - Max tokens in dataset: 288, of length 3040 examples.
2026-08-26 12:54:40.927 | DEBUG    | antipasto.train.daily_dilemas:evaluate_daily_dilemma:432 - logratio: 16.5, nll: 5.483, Example output:
 Yes
--------------------
2026-08-26 12:55:35.517 | DEBUG    | antipasto.train.daily_dilemas:evaluate_daily_dilemma:432 - logratio: 17.62, nll: 5.325, Example output:
 Yes
--------------------
2026-08-26 12:56:09.702 | DEBUG    | antipasto.train.daily_dilemas:evaluate_daily_dilemma:432 - logratio: 15.12, nll: 5.316, Example output:
 Yes
--------------------

===== standard | outputs/adapters/20260826_080947_g1b-antisym-r64-seed44 =====
pmass by coeff: {-1.0: 0.951, 0.0: 0.951, 1.0: 0.951}
## Main Results (Steering Quality)
| Method           |   Steer F1 ↑ |   Net Corr (raw) | Prec ↑   | Tgt Flip% ↑   |   Tgt Δ ↑ | Wrong% ↓   |   Wrong Δ ↓ | Arb Flip% ↓   |   Focus ↑ |   Coh ↓ |   Nats Lost ↓ |
|:-----------------|-------------:|-----------------:|:---------|:--------------|----------:|:-----------|------------:|:--------------|----------:|--------:|--------------:|
| AntiPaSTO (ours) |          3.5 |             0.02 | 35.1%    | 5.9%          |      3.44 | 1.3%       |        2.99 | 9.7%          |       7.6 |      -0 |         418.2 |


MAIN Steer F1 (standard): 3.502308527583308
2026-08-26 12:57:07.817 | INFO     | antipasto.train.model_setup:load_model:59 - Loading model: google/gemma-3-1b-it
2026-08-26 12:57:10.705 | INFO     | antipasto.peft_utils.load:load_adapter:202 - Loaded SVD bases for 42 layers
2026-08-26 12:57:10.707 | DEBUG    | antipasto.peft_utils.antipasto_adapter:update_layer:230 - Loaded SVD bases: layer=model.layers.2.self_attn.o_proj, r=64
2026-08-26 12:57:10.707 | DEBUG    | antipasto.peft_utils.antipasto_adapter:update_layer:260 - AntiPaSTO Layer Init: model.layers.2.self_attn.o_proj, r=64, norms W=24.6, Wres=20.7, Wrank=13.2
2026-08-26 12:57:10.708 | DEBUG    | antipasto.peft_utils.antipasto_adapter:update_layer:230 - Loaded SVD bases: layer=model.layers.2.mlp.down_proj, r=64
2026-08-26 12:57:10.709 | DEBUG    | antipasto.peft_utils.antipasto_adapter:update_layer:260 - AntiPaSTO Layer Init: model.layers.2.mlp.down_proj, r=64, norms W=33.6, Wres=30.6, Wrank=14.0
2026-08-26 12:57:10.709 | DEBUG    | antipasto.peft_utils.antipasto_adapter:update_layer:230 - Loaded SVD bases: layer=model.layers.3.self_attn.o_proj, r=64
2026-08-26 12:57:10.710 | DEBUG    | antipasto.peft_utils.antipasto_adapter:update_layer:260 - AntiPaSTO Layer Init: model.layers.3.self_attn.o_proj, r=64, norms W=22.7, Wres=19.7, Wrank=11.3
2026-08-26 12:57:10.711 | DEBUG    | antipasto.peft_utils.antipasto_adapter:update_layer:230 - Loaded SVD bases: layer=model.layers.3.mlp.down_proj, r=64
2026-08-26 12:57:10.711 | DEBUG    | antipasto.peft_utils.antipasto_adapter:update_layer:260 - AntiPaSTO Layer Init: model.layers.3.mlp.down_proj, r=64, norms W=26.7, Wres=24.4, Wrank=11.0
2026-08-26 12:57:10.712 | DEBUG    | antipasto.peft_utils.antipasto_adapter:update_layer:230 - Loaded SVD bases: layer=model.layers.4.self_attn.o_proj, r=64
2026-08-26 12:57:10.712 | DEBUG    | antipasto.peft_utils.antipasto_adapter:update_layer:260 - AntiPaSTO Layer Init: model.layers.4.self_attn.o_proj, r=64, norms W=17.5, Wres=14.8, Wrank=9.5
2026-08-26 12:57:10.713 | DEBUG    | antipasto.peft_utils.antipasto_adapter:update_layer:230 - Loaded SVD bases: layer=model.layers.4.mlp.down_proj, r=64
2026-08-26 12:57:10.713 | DEBUG    | antipasto.peft_utils.antipasto_adapter:update_layer:260 - AntiPaSTO Layer Init: model.layers.4.mlp.down_proj, r=64, norms W=18.8, Wres=17.5, Wrank=6.9
2026-08-26 12:57:10.714 | DEBUG    | antipasto.peft_utils.antipasto_adapter:update_layer:230 - Loaded SVD bases: layer=model.layers.5.self_attn.o_proj, r=64
2026-08-26 12:57:10.714 | DEBUG    | antipasto.peft_utils.antipasto_adapter:update_layer:260 - AntiPaSTO Layer Init: model.layers.5.self_attn.o_proj, r=64, norms W=29.5, Wres=24.8, Wrank=15.9
2026-08-26 12:57:10.715 | DEBUG    | antipasto.peft_utils.antipasto_adapter:update_layer:230 - Loaded SVD bases: layer=model.layers.5.mlp.down_proj, r=64
2026-08-26 12:57:10.715 | DEBUG    | antipasto.peft_utils.antipasto_adapter:update_layer:260 - AntiPaSTO Layer Init: model.layers.5.mlp.down_proj, r=64, norms W=34.8, Wres=32.6, Wrank=12.0
2026-08-26 12:57:10.716 | DEBUG    | antipasto.peft_utils.antipasto_adapter:update_layer:230 - Loaded SVD bases: layer=model.layers.6.self_attn.o_proj, r=64
2026-08-26 12:57:10.716 | DEBUG    | antipasto.peft_utils.antipasto_adapter:update_layer:260 - AntiPaSTO Layer Init: model.layers.6.self_attn.o_proj, r=64, norms W=27.7, Wres=23.9, Wrank=14.1
2026-08-26 12:57:10.717 | DEBUG    | antipasto.peft_utils.antipasto_adapter:update_layer:230 - Loaded SVD bases: layer=model.layers.6.mlp.down_proj, r=64
2026-08-26 12:57:10.717 | DEBUG    | antipasto.peft_utils.antipasto_adapter:update_layer:260 - AntiPaSTO Layer Init: model.layers.6.mlp.down_proj, r=64, norms W=33.7, Wres=31.6, Wrank=11.9
2026-08-26 12:57:10.718 | DEBUG    | antipasto.peft_utils.antipasto_adapter:update_layer:230 - Loaded SVD bases: layer=model.layers.7.self_attn.o_proj, r=64
2026-08-26 12:57:10.718 | DEBUG    | antipasto.peft_utils.antipasto_adapter:update_layer:260 - AntiPaSTO Layer Init: model.layers.7.self_attn.o_proj, r=64, norms W=32.6, Wres=26.9, Wrank=18.4
2026-08-26 12:57:10.719 | DEBUG    | antipasto.peft_utils.antipasto_adapter:update_layer:230 - Loaded SVD bases: layer=model.layers.7.mlp.down_proj, r=64
2026-08-26 12:57:10.719 | DEBUG    | antipasto.peft_utils.antipasto_adapter:update_layer:260 - AntiPaSTO Layer Init: model.layers.7.mlp.down_proj, r=64, norms W=27.9, Wres=26.0, Wrank=10.0
2026-08-26 12:57:10.720 | DEBUG    | antipasto.peft_utils.antipasto_adapter:update_layer:230 - Loaded SVD bases: layer=model.layers.8.self_attn.o_proj, r=64
2026-08-26 12:57:10.720 | DEBUG    | antipasto.peft_utils.antipasto_adapter:update_layer:260 - AntiPaSTO Layer Init: model.layers.8.self_attn.o_proj, r=64, norms W=32.8, Wres=27.8, Wrank=17.4
2026-08-26 12:57:10.721 | DEBUG    | antipasto.peft_utils.antipasto_adapter:update_layer:230 - Loaded SVD bases: layer=model.layers.8.mlp.down_proj, r=64
2026-08-26 12:57:10.722 | DEBUG    | antipasto.peft_utils.antipasto_adapter:update_layer:260 - AntiPaSTO Layer Init: model.layers.8.mlp.down_proj, r=64, norms W=18.6, Wres=17.3, Wrank=6.9
2026-08-26 12:57:10.722 | DEBUG    | antipasto.peft_utils.antipasto_adapter:update_layer:230 - Loaded SVD bases: layer=model.layers.9.self_attn.o_proj, r=64
2026-08-26 12:57:10.723 | DEBUG    | antipasto.peft_utils.antipasto_adapter:update_layer:260 - AntiPaSTO Layer Init: model.layers.9.self_attn.o_proj, r=64, norms W=19.5, Wres=16.9, Wrank=9.6
2026-08-26 12:57:10.723 | DEBUG    | antipasto.peft_utils.antipasto_adapter:update_layer:230 - Loaded SVD bases: layer=model.layers.9.mlp.down_proj, r=64
2026-08-26 12:57:10.724 | DEBUG    | antipasto.peft_utils.antipasto_adapter:update_layer:260 - AntiPaSTO Layer Init: model.layers.9.mlp.down_proj, r=64, norms W=34.4, Wres=31.5, Wrank=13.9
2026-08-26 12:57:10.724 | DEBUG    | antipasto.peft_utils.antipasto_adapter:update_layer:230 - Loaded SVD bases: layer=model.layers.10.self_attn.o_proj, r=64
2026-08-26 12:57:10.725 | DEBUG    | antipasto.peft_utils.antipasto_adapter:update_layer:260 - AntiPaSTO Layer Init: model.layers.10.self_attn.o_proj, r=64, norms W=21.5, Wres=17.7, Wrank=12.2
2026-08-26 12:57:10.726 | DEBUG    | antipasto.peft_utils.antipasto_adapter:update_layer:230 - Loaded SVD bases: layer=model.layers.10.mlp.down_proj, r=64
2026-08-26 12:57:10.726 | DEBUG    | antipasto.peft_utils.antipasto_adapter:update_layer:260 - AntiPaSTO Layer Init: model.layers.10.mlp.down_proj, r=64, norms W=33.3, Wres=30.8, Wrank=12.7
2026-08-26 12:57:10.727 | DEBUG    | antipasto.peft_utils.antipasto_adapter:update_layer:230 - Loaded SVD bases: layer=model.layers.11.self_attn.o_proj, r=64
2026-08-26 12:57:10.727 | DEBUG    | antipasto.peft_utils.antipasto_adapter:update_layer:260 - AntiPaSTO Layer Init: model.layers.11.self_attn.o_proj, r=64, norms W=23.0, Wres=18.2, Wrank=13.9
2026-08-26 12:57:10.728 | DEBUG    | antipasto.peft_utils.antipasto_adapter:update_layer:230 - Loaded SVD bases: layer=model.layers.11.mlp.down_proj, r=64
2026-08-26 12:57:10.728 | DEBUG    | antipasto.peft_utils.antipasto_adapter:update_layer:260 - AntiPaSTO Layer Init: model.layers.11.mlp.down_proj, r=64, norms W=30.3, Wres=28.3, Wrank=11.0
2026-08-26 12:57:10.729 | DEBUG    | antipasto.peft_utils.antipasto_adapter:update_layer:230 - Loaded SVD bases: layer=model.layers.12.self_attn.o_proj, r=64
2026-08-26 12:57:10.729 | DEBUG    | antipasto.peft_utils.antipasto_adapter:update_layer:260 - AntiPaSTO Layer Init: model.layers.12.self_attn.o_proj, r=64, norms W=24.3, Wres=19.9, Wrank=13.9
2026-08-26 12:57:10.730 | DEBUG    | antipasto.peft_utils.antipasto_adapter:update_layer:230 - Loaded SVD bases: layer=model.layers.12.mlp.down_proj, r=64
2026-08-26 12:57:10.730 | DEBUG    | antipasto.peft_utils.antipasto_adapter:update_layer:260 - AntiPaSTO Layer Init: model.layers.12.mlp.down_proj, r=64, norms W=22.1, Wres=20.7, Wrank=8.0
2026-08-26 12:57:10.731 | DEBUG    | antipasto.peft_utils.antipasto_adapter:update_layer:230 - Loaded SVD bases: layer=model.layers.13.self_attn.o_proj, r=64
2026-08-26 12:57:10.731 | DEBUG    | antipasto.peft_utils.antipasto_adapter:update_layer:260 - AntiPaSTO Layer Init: model.layers.13.self_attn.o_proj, r=64, norms W=23.8, Wres=20.1, Wrank=12.6
2026-08-26 12:57:10.732 | DEBUG    | antipasto.peft_utils.antipasto_adapter:update_layer:230 - Loaded SVD bases: layer=model.layers.13.mlp.down_proj, r=64
2026-08-26 12:57:10.732 | DEBUG    | antipasto.peft_utils.antipasto_adapter:update_layer:260 - AntiPaSTO Layer Init: model.layers.13.mlp.down_proj, r=64, norms W=20.1, Wres=18.8, Wrank=7.3
2026-08-26 12:57:10.733 | DEBUG    | antipasto.peft_utils.antipasto_adapter:update_layer:230 - Loaded SVD bases: layer=model.layers.14.self_attn.o_proj, r=64
2026-08-26 12:57:10.733 | DEBUG    | antipasto.peft_utils.antipasto_adapter:update_layer:260 - AntiPaSTO Layer Init: model.layers.14.self_attn.o_proj, r=64, norms W=27.0, Wres=22.5, Wrank=14.9
2026-08-26 12:57:10.734 | DEBUG    | antipasto.peft_utils.antipasto_adapter:update_layer:230 - Loaded SVD bases: layer=model.layers.14.mlp.down_proj, r=64
2026-08-26 12:57:10.734 | DEBUG    | antipasto.peft_utils.antipasto_adapter:update_layer:260 - AntiPaSTO Layer Init: model.layers.14.mlp.down_proj, r=64, norms W=22.7, Wres=21.0, Wrank=8.5
2026-08-26 12:57:10.735 | DEBUG    | antipasto.peft_utils.antipasto_adapter:update_layer:230 - Loaded SVD bases: layer=model.layers.15.self_attn.o_proj, r=64
2026-08-26 12:57:10.735 | DEBUG    | antipasto.peft_utils.antipasto_adapter:update_layer:260 - AntiPaSTO Layer Init: model.layers.15.self_attn.o_proj, r=64, norms W=25.4, Wres=21.9, Wrank=12.7
2026-08-26 12:57:10.736 | DEBUG    | antipasto.peft_utils.antipasto_adapter:update_layer:230 - Loaded SVD bases: layer=model.layers.15.mlp.down_proj, r=64
2026-08-26 12:57:10.736 | DEBUG    | antipasto.peft_utils.antipasto_adapter:update_layer:260 - AntiPaSTO Layer Init: model.layers.15.mlp.down_proj, r=64, norms W=34.3, Wres=32.0, Wrank=12.3
2026-08-26 12:57:10.737 | DEBUG    | antipasto.peft_utils.antipasto_adapter:update_layer:230 - Loaded SVD bases: layer=model.layers.16.self_attn.o_proj, r=64
2026-08-26 12:57:10.737 | DEBUG    | antipasto.peft_utils.antipasto_adapter:update_layer:260 - AntiPaSTO Layer Init: model.layers.16.self_attn.o_proj, r=64, norms W=17.3, Wres=14.2, Wrank=9.7
2026-08-26 12:57:10.738 | DEBUG    | antipasto.peft_utils.antipasto_adapter:update_layer:230 - Loaded SVD bases: layer=model.layers.16.mlp.down_proj, r=64
2026-08-26 12:57:10.739 | DEBUG    | antipasto.peft_utils.antipasto_adapter:update_layer:260 - AntiPaSTO Layer Init: model.layers.16.mlp.down_proj, r=64, norms W=32.3, Wres=30.2, Wrank=11.7
2026-08-26 12:57:10.739 | DEBUG    | antipasto.peft_utils.antipasto_adapter:update_layer:230 - Loaded SVD bases: layer=model.layers.17.self_attn.o_proj, r=64
2026-08-26 12:57:10.739 | DEBUG    | antipasto.peft_utils.antipasto_adapter:update_layer:260 - AntiPaSTO Layer Init: model.layers.17.self_attn.o_proj, r=64, norms W=19.3, Wres=16.4, Wrank=10.1
2026-08-26 12:57:10.740 | DEBUG    | antipasto.peft_utils.antipasto_adapter:update_layer:230 - Loaded SVD bases: layer=model.layers.17.mlp.down_proj, r=64
2026-08-26 12:57:10.741 | DEBUG    | antipasto.peft_utils.antipasto_adapter:update_layer:260 - AntiPaSTO Layer Init: model.layers.17.mlp.down_proj, r=64, norms W=26.2, Wres=24.7, Wrank=9.0
2026-08-26 12:57:10.742 | DEBUG    | antipasto.peft_utils.antipasto_adapter:update_layer:230 - Loaded SVD bases: layer=model.layers.18.self_attn.o_proj, r=64
2026-08-26 12:57:10.742 | DEBUG    | antipasto.peft_utils.antipasto_adapter:update_layer:260 - AntiPaSTO Layer Init: model.layers.18.self_attn.o_proj, r=64, norms W=16.0, Wres=13.9, Wrank=8.0
2026-08-26 12:57:10.743 | DEBUG    | antipasto.peft_utils.antipasto_adapter:update_layer:230 - Loaded SVD bases: layer=model.layers.18.mlp.down_proj, r=64
2026-08-26 12:57:10.743 | DEBUG    | antipasto.peft_utils.antipasto_adapter:update_layer:260 - AntiPaSTO Layer Init: model.layers.18.mlp.down_proj, r=64, norms W=18.2, Wres=17.1, Wrank=6.2
2026-08-26 12:57:10.744 | DEBUG    | antipasto.peft_utils.antipasto_adapter:update_layer:230 - Loaded SVD bases: layer=model.layers.19.self_attn.o_proj, r=64
2026-08-26 12:57:10.744 | DEBUG    | antipasto.peft_utils.antipasto_adapter:update_layer:260 - AntiPaSTO Layer Init: model.layers.19.self_attn.o_proj, r=64, norms W=28.5, Wres=23.2, Wrank=16.5
2026-08-26 12:57:10.745 | DEBUG    | antipasto.peft_utils.antipasto_adapter:update_layer:230 - Loaded SVD bases: layer=model.layers.19.mlp.down_proj, r=64
2026-08-26 12:57:10.745 | DEBUG    | antipasto.peft_utils.antipasto_adapter:update_layer:260 - AntiPaSTO Layer Init: model.layers.19.mlp.down_proj, r=64, norms W=21.9, Wres=20.7, Wrank=7.4
2026-08-26 12:57:10.746 | DEBUG    | antipasto.peft_utils.antipasto_adapter:update_layer:230 - Loaded SVD bases: layer=model.layers.20.self_attn.o_proj, r=64
2026-08-26 12:57:10.746 | DEBUG    | antipasto.peft_utils.antipasto_adapter:update_layer:260 - AntiPaSTO Layer Init: model.layers.20.self_attn.o_proj, r=64, norms W=25.5, Wres=21.6, Wrank=13.6
2026-08-26 12:57:10.747 | DEBUG    | antipasto.peft_utils.antipasto_adapter:update_layer:230 - Loaded SVD bases: layer=model.layers.20.mlp.down_proj, r=64
2026-08-26 12:57:10.747 | DEBUG    | antipasto.peft_utils.antipasto_adapter:update_layer:260 - AntiPaSTO Layer Init: model.layers.20.mlp.down_proj, r=64, norms W=32.2, Wres=30.4, Wrank=10.3
2026-08-26 12:57:10.748 | DEBUG    | antipasto.peft_utils.antipasto_adapter:update_layer:230 - Loaded SVD bases: layer=model.layers.21.self_attn.o_proj, r=64
2026-08-26 12:57:10.748 | DEBUG    | antipasto.peft_utils.antipasto_adapter:update_layer:260 - AntiPaSTO Layer Init: model.layers.21.self_attn.o_proj, r=64, norms W=30.7, Wres=25.3, Wrank=17.4
2026-08-26 12:57:10.749 | DEBUG    | antipasto.peft_utils.antipasto_adapter:update_layer:230 - Loaded SVD bases: layer=model.layers.21.mlp.down_proj, r=64
2026-08-26 12:57:10.749 | DEBUG    | antipasto.peft_utils.antipasto_adapter:update_layer:260 - AntiPaSTO Layer Init: model.layers.21.mlp.down_proj, r=64, norms W=21.9, Wres=20.8, Wrank=7.0
2026-08-26 12:57:10.750 | DEBUG    | antipasto.peft_utils.antipasto_adapter:update_layer:230 - Loaded SVD bases: layer=model.layers.22.self_attn.o_proj, r=64
2026-08-26 12:57:10.750 | DEBUG    | antipasto.peft_utils.antipasto_adapter:update_layer:260 - AntiPaSTO Layer Init: model.layers.22.self_attn.o_proj, r=64, norms W=23.3, Wres=19.3, Wrank=13.1
2026-08-26 12:57:10.751 | DEBUG    | antipasto.peft_utils.antipasto_adapter:update_layer:230 - Loaded SVD bases: layer=model.layers.22.mlp.down_proj, r=64
2026-08-26 12:57:10.752 | DEBUG    | antipasto.peft_utils.antipasto_adapter:update_layer:260 - AntiPaSTO Layer Init: model.layers.22.mlp.down_proj, r=64, norms W=30.2, Wres=28.4, Wrank=10.2
2026-08-26 12:57:10.756 | INFO     | antipasto.peft_utils.load:load_adapter:223 - Adapter configured: rank=64, layers=42
2026-08-26 12:57:10.760 | INFO     | antipasto.peft_utils.load:load_adapter:240 - Loaded adapter from outputs/adapters/20260826_080947_g1b-antisym-r64-seed44
2026-08-26 12:57:15.992 | DEBUG    | antipasto.train.daily_dilemas:load_and_process_daily_dilemmas_eval_dataset:308 - Extending daily_dilemmas with 160 math examples
2026-08-26 12:57:15.997 | DEBUG    | antipasto.train.daily_dilemas:load_and_process_daily_dilemmas_eval_dataset:314 - Extending daily_dilemmas with 160 preference examples
2026-08-26 12:57:16.336 | DEBUG    | antipasto.train.daily_dilemas:load_and_process_daily_dilemmas_eval_dataset:334 - Max tokens in dataset: 288, of length 3040 examples.
2026-08-26 12:57:20.913 | DEBUG    | antipasto.train.daily_dilemas:evaluate_daily_dilemma:432 - logratio: 16.5, nll: 5.483, Example output:
 Yes
--------------------
2026-08-26 12:59:14.811 | DEBUG    | antipasto.train.daily_dilemas:evaluate_daily_dilemma:432 - logratio: 17.62, nll: 5.325, Example output:
 Yes
--------------------
2026-08-26 13:00:27.697 | DEBUG    | antipasto.train.daily_dilemas:evaluate_daily_dilemma:432 - logratio: 15.12, nll: 5.316, Example output:
 Yes
--------------------

===== bold_tolerant | outputs/adapters/20260826_080947_g1b-antisym-r64-seed44 =====
pmass by coeff: {-1.0: 0.951, 0.0: 0.951, 1.0: 0.951}
## Main Results (Steering Quality)
| Method           |   Steer F1 ↑ |   Net Corr (raw) | Prec ↑   | Tgt Flip% ↑   |   Tgt Δ ↑ | Wrong% ↓   |   Wrong Δ ↓ | Arb Flip% ↓   |   Focus ↑ |   Coh ↓ |   Nats Lost ↓ |
|:-----------------|-------------:|-----------------:|:---------|:--------------|----------:|:-----------|------------:|:--------------|----------:|--------:|--------------:|
| AntiPaSTO (ours) |          3.5 |             0.02 | 34.8%    | 5.6%          |      3.18 | 1.3%       |        2.49 | 9.7%          |       9.2 |      -0 |         405.4 |


MAIN Steer F1 (bold_tolerant): 3.451889029009615

SUMMARY outputs/adapters/20260826_080947_g1b-antisym-r64-seed44: standard Steer F1 = 3.502308527583308; bold-tolerant Steer F1 = 3.451889029009615
