== 2026-08-27T15:26:20+08:00 start shivasrightfoot/soo-jailbreak-conceptual-fusion@c4bf965d0cf3ee51eb826ba33eefec90f00ae81f
== entrypoint: 02_soo_conceptual_fusion_training.ipynb (budget 45m)
[NbConvertApp] Converting notebook 02_soo_conceptual_fusion_training.ipynb to notebook
/home/user/alignment-literature-meta-analysis/replication/experiments/jailbreak-patching-with-soo-style-conceptual-fus--shivasrightfoot/.venv/lib/python3.11/site-packages/nbformat/validator.py:434: MissingIDFieldWarning: Cell is missing an id field, this will become a hard error in future nbformat versions. You may want to use `normalize()` on your notebooks before validations (available since nbformat 5.1.4). Previous versions of nbformat are fixing this issue transparently, and will stop doing so in the future.
  _validate(nbdict, ref, version, version_minor, relax_add_props)
[IPKernelApp] WARNING | Kernel is running over TCP without encryption. All communication (including code and outputs) is sent in plain text and is susceptible to eavesdropping. Use IPC transport or launch with kernel manager-provisioned CurveZMQ keys to enable transport encryption.
Traceback (most recent call last):
  File "/home/user/alignment-literature-meta-analysis/replication/experiments/jailbreak-patching-with-soo-style-conceptual-fus--shivasrightfoot/.venv/bin/jupyter-nbconvert", line 12, in <module>
    sys.exit(main())
             ^^^^^^
  File "/home/user/alignment-literature-meta-analysis/replication/experiments/jailbreak-patching-with-soo-style-conceptual-fus--shivasrightfoot/.venv/lib/python3.11/site-packages/jupyter_core/application.py", line 284, in launch_instance
    super().launch_instance(argv=argv, **kwargs)
  File "/home/user/alignment-literature-meta-analysis/replication/experiments/jailbreak-patching-with-soo-style-conceptual-fus--shivasrightfoot/.venv/lib/python3.11/site-packages/traitlets/config/application.py", line 1080, in launch_instance
    app.start()
  File "/home/user/alignment-literature-meta-analysis/replication/experiments/jailbreak-patching-with-soo-style-conceptual-fus--shivasrightfoot/.venv/lib/python3.11/site-packages/nbconvert/nbconvertapp.py", line 420, in start
    self.convert_notebooks()
  File "/home/user/alignment-literature-meta-analysis/replication/experiments/jailbreak-patching-with-soo-style-conceptual-fus--shivasrightfoot/.venv/lib/python3.11/site-packages/nbconvert/nbconvertapp.py", line 597, in convert_notebooks
    self.convert_single_notebook(notebook_filename)
  File "/home/user/alignment-literature-meta-analysis/replication/experiments/jailbreak-patching-with-soo-style-conceptual-fus--shivasrightfoot/.venv/lib/python3.11/site-packages/nbconvert/nbconvertapp.py", line 563, in convert_single_notebook
    output, resources = self.export_single_notebook(
                        ^^^^^^^^^^^^^^^^^^^^^^^^^^^^
  File "/home/user/alignment-literature-meta-analysis/replication/experiments/jailbreak-patching-with-soo-style-conceptual-fus--shivasrightfoot/.venv/lib/python3.11/site-packages/nbconvert/nbconvertapp.py", line 487, in export_single_notebook
    output, resources = self.exporter.from_filename(
                        ^^^^^^^^^^^^^^^^^^^^^^^^^^^^
  File "/home/user/alignment-literature-meta-analysis/replication/experiments/jailbreak-patching-with-soo-style-conceptual-fus--shivasrightfoot/.venv/lib/python3.11/site-packages/nbconvert/exporters/exporter.py", line 201, in from_filename
    return self.from_file(f, resources=resources, **kw)
           ^^^^^^^^^^^^^^^^^^^^^^^^^^^^^^^^^^^^^^^^^^^^
  File "/home/user/alignment-literature-meta-analysis/replication/experiments/jailbreak-patching-with-soo-style-conceptual-fus--shivasrightfoot/.venv/lib/python3.11/site-packages/nbconvert/exporters/exporter.py", line 220, in from_file
    return self.from_notebook_node(
           ^^^^^^^^^^^^^^^^^^^^^^^^
  File "/home/user/alignment-literature-meta-analysis/replication/experiments/jailbreak-patching-with-soo-style-conceptual-fus--shivasrightfoot/.venv/lib/python3.11/site-packages/nbconvert/exporters/notebook.py", line 36, in from_notebook_node
    nb_copy, resources = super().from_notebook_node(nb, resources, **kw)
                         ^^^^^^^^^^^^^^^^^^^^^^^^^^^^^^^^^^^^^^^^^^^^^^^
  File "/home/user/alignment-literature-meta-analysis/replication/experiments/jailbreak-patching-with-soo-style-conceptual-fus--shivasrightfoot/.venv/lib/python3.11/site-packages/nbconvert/exporters/exporter.py", line 154, in from_notebook_node
    nb_copy, resources = self._preprocess(nb_copy, resources)
                         ^^^^^^^^^^^^^^^^^^^^^^^^^^^^^^^^^^^^
  File "/home/user/alignment-literature-meta-analysis/replication/experiments/jailbreak-patching-with-soo-style-conceptual-fus--shivasrightfoot/.venv/lib/python3.11/site-packages/nbconvert/exporters/exporter.py", line 353, in _preprocess
    nbc, resc = preprocessor(nbc, resc)
                ^^^^^^^^^^^^^^^^^^^^^^^
  File "/home/user/alignment-literature-meta-analysis/replication/experiments/jailbreak-patching-with-soo-style-conceptual-fus--shivasrightfoot/.venv/lib/python3.11/site-packages/nbconvert/preprocessors/base.py", line 48, in __call__
    return self.preprocess(nb, resources)
           ^^^^^^^^^^^^^^^^^^^^^^^^^^^^^^
  File "/home/user/alignment-literature-meta-analysis/replication/experiments/jailbreak-patching-with-soo-style-conceptual-fus--shivasrightfoot/.venv/lib/python3.11/site-packages/nbconvert/preprocessors/execute.py", line 103, in preprocess
    self.preprocess_cell(cell, resources, index)
  File "/home/user/alignment-literature-meta-analysis/replication/experiments/jailbreak-patching-with-soo-style-conceptual-fus--shivasrightfoot/.venv/lib/python3.11/site-packages/nbconvert/preprocessors/execute.py", line 124, in preprocess_cell
    cell = self.execute_cell(cell, index, store_history=True)
           ^^^^^^^^^^^^^^^^^^^^^^^^^^^^^^^^^^^^^^^^^^^^^^^^^^
  File "/home/user/alignment-literature-meta-analysis/replication/experiments/jailbreak-patching-with-soo-style-conceptual-fus--shivasrightfoot/.venv/lib/python3.11/site-packages/jupyter_core/utils/__init__.py", line 165, in wrapped
    return loop.run_until_complete(inner)
           ^^^^^^^^^^^^^^^^^^^^^^^^^^^^^^
  File "/home/user/.local/share/uv/python/cpython-3.11.15-linux-x86_64-gnu/lib/python3.11/asyncio/base_events.py", line 654, in run_until_complete
    return future.result()
           ^^^^^^^^^^^^^^^
  File "/home/user/alignment-literature-meta-analysis/replication/experiments/jailbreak-patching-with-soo-style-conceptual-fus--shivasrightfoot/.venv/lib/python3.11/site-packages/nbclient/client.py", line 1062, in async_execute_cell
    await self._check_raise_for_error(cell, cell_index, exec_reply)
  File "/home/user/alignment-literature-meta-analysis/replication/experiments/jailbreak-patching-with-soo-style-conceptual-fus--shivasrightfoot/.venv/lib/python3.11/site-packages/nbclient/client.py", line 918, in _check_raise_for_error
    raise CellExecutionError.from_cell_and_msg(cell, exec_reply_content)
nbclient.exceptions.CellExecutionError: An error occurred while executing the following cell:
------------------
import os
import subprocess
import random
import torch
import torch.nn.functional as F
import pandas as pd
import numpy as np
import matplotlib.pyplot as plt
from transformers import AutoModelForCausalLM, AutoTokenizer
from peft import LoraConfig, get_peft_model, TaskType
from torch.optim import AdamW

if torch.cuda.is_available():
    print(f"Using GPU: {torch.cuda.get_device_name(0)}")
    device = torch.device("cuda")
else:
    print("No GPU detected -- go to Runtime > Change runtime type and select a GPU (L4 recommended).")
    device = torch.device("cpu")
------------------


[31m---------------------------------------------------------------------------[39m
[31mModuleNotFoundError[39m                       Traceback (most recent call last)
[36mCell[39m[36m [39m[32mIn[3][39m[32m, line 9[39m
[32m      5[39m [38;5;28;01mimport[39;00m torch.nn.functional [38;5;28;01mas[39;00m F
[32m      6[39m [38;5;28;01mimport[39;00m pandas [38;5;28;01mas[39;00m pd
[32m      7[39m [38;5;28;01mimport[39;00m numpy [38;5;28;01mas[39;00m np
[32m      8[39m [38;5;28;01mimport[39;00m matplotlib.pyplot [38;5;28;01mas[39;00m plt
[32m----> [39m[32m9[39m [38;5;28;01mfrom[39;00m transformers [38;5;28;01mimport[39;00m AutoModelForCausalLM, AutoTokenizer
[32m     10[39m [38;5;28;01mfrom[39;00m peft [38;5;28;01mimport[39;00m LoraConfig, get_peft_model, TaskType
[32m     11[39m [38;5;28;01mfrom[39;00m torch.optim [38;5;28;01mimport[39;00m AdamW
[32m     12[39m 

[31mModuleNotFoundError[39m: No module named 'transformers'

== RUN-EXIT 1 after 0 min
