== 2026-08-27T15:39:03+08:00 start artmtt/sae-interpretability-small-reasoning-model@50c2b40be1f3e8a2bd1f5bbede75ac88bc1d197b
== entrypoint: interp_experiments_deepseek_r1_distilled_qwen.ipynb (budget 45m)
[NbConvertApp] Converting notebook interp_experiments_deepseek_r1_distilled_qwen.ipynb to notebook
[IPKernelApp] WARNING | Kernel is running over TCP without encryption. All communication (including code and outputs) is sent in plain text and is susceptible to eavesdropping. Use IPC transport or launch with kernel manager-provisioned CurveZMQ keys to enable transport encryption.
Traceback (most recent call last):
  File "/home/user/alignment-literature-meta-analysis/replication/experiments/do-k-sparse-autoencoders-reveal-thinking-pattern--artmtt/.venv/bin/jupyter-nbconvert", line 12, in <module>
    sys.exit(main())
             ^^^^^^
  File "/home/user/alignment-literature-meta-analysis/replication/experiments/do-k-sparse-autoencoders-reveal-thinking-pattern--artmtt/.venv/lib/python3.11/site-packages/jupyter_core/application.py", line 284, in launch_instance
    super().launch_instance(argv=argv, **kwargs)
  File "/home/user/alignment-literature-meta-analysis/replication/experiments/do-k-sparse-autoencoders-reveal-thinking-pattern--artmtt/.venv/lib/python3.11/site-packages/traitlets/config/application.py", line 1080, in launch_instance
    app.start()
  File "/home/user/alignment-literature-meta-analysis/replication/experiments/do-k-sparse-autoencoders-reveal-thinking-pattern--artmtt/.venv/lib/python3.11/site-packages/nbconvert/nbconvertapp.py", line 420, in start
    self.convert_notebooks()
  File "/home/user/alignment-literature-meta-analysis/replication/experiments/do-k-sparse-autoencoders-reveal-thinking-pattern--artmtt/.venv/lib/python3.11/site-packages/nbconvert/nbconvertapp.py", line 597, in convert_notebooks
    self.convert_single_notebook(notebook_filename)
  File "/home/user/alignment-literature-meta-analysis/replication/experiments/do-k-sparse-autoencoders-reveal-thinking-pattern--artmtt/.venv/lib/python3.11/site-packages/nbconvert/nbconvertapp.py", line 563, in convert_single_notebook
    output, resources = self.export_single_notebook(
                        ^^^^^^^^^^^^^^^^^^^^^^^^^^^^
  File "/home/user/alignment-literature-meta-analysis/replication/experiments/do-k-sparse-autoencoders-reveal-thinking-pattern--artmtt/.venv/lib/python3.11/site-packages/nbconvert/nbconvertapp.py", line 487, in export_single_notebook
    output, resources = self.exporter.from_filename(
                        ^^^^^^^^^^^^^^^^^^^^^^^^^^^^
  File "/home/user/alignment-literature-meta-analysis/replication/experiments/do-k-sparse-autoencoders-reveal-thinking-pattern--artmtt/.venv/lib/python3.11/site-packages/nbconvert/exporters/exporter.py", line 201, in from_filename
    return self.from_file(f, resources=resources, **kw)
           ^^^^^^^^^^^^^^^^^^^^^^^^^^^^^^^^^^^^^^^^^^^^
  File "/home/user/alignment-literature-meta-analysis/replication/experiments/do-k-sparse-autoencoders-reveal-thinking-pattern--artmtt/.venv/lib/python3.11/site-packages/nbconvert/exporters/exporter.py", line 220, in from_file
    return self.from_notebook_node(
           ^^^^^^^^^^^^^^^^^^^^^^^^
  File "/home/user/alignment-literature-meta-analysis/replication/experiments/do-k-sparse-autoencoders-reveal-thinking-pattern--artmtt/.venv/lib/python3.11/site-packages/nbconvert/exporters/notebook.py", line 36, in from_notebook_node
    nb_copy, resources = super().from_notebook_node(nb, resources, **kw)
                         ^^^^^^^^^^^^^^^^^^^^^^^^^^^^^^^^^^^^^^^^^^^^^^^
  File "/home/user/alignment-literature-meta-analysis/replication/experiments/do-k-sparse-autoencoders-reveal-thinking-pattern--artmtt/.venv/lib/python3.11/site-packages/nbconvert/exporters/exporter.py", line 154, in from_notebook_node
    nb_copy, resources = self._preprocess(nb_copy, resources)
                         ^^^^^^^^^^^^^^^^^^^^^^^^^^^^^^^^^^^^
  File "/home/user/alignment-literature-meta-analysis/replication/experiments/do-k-sparse-autoencoders-reveal-thinking-pattern--artmtt/.venv/lib/python3.11/site-packages/nbconvert/exporters/exporter.py", line 353, in _preprocess
    nbc, resc = preprocessor(nbc, resc)
                ^^^^^^^^^^^^^^^^^^^^^^^
  File "/home/user/alignment-literature-meta-analysis/replication/experiments/do-k-sparse-autoencoders-reveal-thinking-pattern--artmtt/.venv/lib/python3.11/site-packages/nbconvert/preprocessors/base.py", line 48, in __call__
    return self.preprocess(nb, resources)
           ^^^^^^^^^^^^^^^^^^^^^^^^^^^^^^
  File "/home/user/alignment-literature-meta-analysis/replication/experiments/do-k-sparse-autoencoders-reveal-thinking-pattern--artmtt/.venv/lib/python3.11/site-packages/nbconvert/preprocessors/execute.py", line 103, in preprocess
    self.preprocess_cell(cell, resources, index)
  File "/home/user/alignment-literature-meta-analysis/replication/experiments/do-k-sparse-autoencoders-reveal-thinking-pattern--artmtt/.venv/lib/python3.11/site-packages/nbconvert/preprocessors/execute.py", line 124, in preprocess_cell
    cell = self.execute_cell(cell, index, store_history=True)
           ^^^^^^^^^^^^^^^^^^^^^^^^^^^^^^^^^^^^^^^^^^^^^^^^^^
  File "/home/user/alignment-literature-meta-analysis/replication/experiments/do-k-sparse-autoencoders-reveal-thinking-pattern--artmtt/.venv/lib/python3.11/site-packages/jupyter_core/utils/__init__.py", line 165, in wrapped
    return loop.run_until_complete(inner)
           ^^^^^^^^^^^^^^^^^^^^^^^^^^^^^^
  File "/home/user/.local/share/uv/python/cpython-3.11.15-linux-x86_64-gnu/lib/python3.11/asyncio/base_events.py", line 654, in run_until_complete
    return future.result()
           ^^^^^^^^^^^^^^^
  File "/home/user/alignment-literature-meta-analysis/replication/experiments/do-k-sparse-autoencoders-reveal-thinking-pattern--artmtt/.venv/lib/python3.11/site-packages/nbclient/client.py", line 1062, in async_execute_cell
    await self._check_raise_for_error(cell, cell_index, exec_reply)
  File "/home/user/alignment-literature-meta-analysis/replication/experiments/do-k-sparse-autoencoders-reveal-thinking-pattern--artmtt/.venv/lib/python3.11/site-packages/nbclient/client.py", line 918, in _check_raise_for_error
    raise CellExecutionError.from_cell_and_msg(cell, exec_reply_content)
nbclient.exceptions.CellExecutionError: An error occurred while executing the following cell:
------------------
import os
import re
import sys
import pandas as pd
import plotly.express as px
from types import SimpleNamespace

import torch
from transformers import AutoTokenizer, AutoModelForCausalLM
from datasets import load_dataset

sys.path.append('sparsify')

from sparsify import Sae
------------------


[31m---------------------------------------------------------------------------[39m
[31mModuleNotFoundError[39m                       Traceback (most recent call last)
[36mCell[39m[36m [39m[32mIn[1][39m[32m, line 5[39m
[32m      1[39m [38;5;28;01mimport[39;00m os
[32m      2[39m [38;5;28;01mimport[39;00m re
[32m      3[39m [38;5;28;01mimport[39;00m sys
[32m      4[39m [38;5;28;01mimport[39;00m pandas [38;5;28;01mas[39;00m pd
[32m----> [39m[32m5[39m [38;5;28;01mimport[39;00m plotly.express [38;5;28;01mas[39;00m px
[32m      6[39m [38;5;28;01mfrom[39;00m types [38;5;28;01mimport[39;00m SimpleNamespace
[32m      7[39m 
[32m      8[39m [38;5;28;01mimport[39;00m torch

[31mModuleNotFoundError[39m: No module named 'plotly'

== RUN-EXIT 1 after 0 min
