== 2026-08-27T14:14:22+08:00 start james-sullivan/arithmetictransformer@4a10f5e13b56222a028bb0c2bc1e96af452203f0
== entrypoint: src/EstimateLLC.ipynb (budget 45m)
[NbConvertApp] Converting notebook src/EstimateLLC.ipynb to notebook
[IPKernelApp] WARNING | Kernel is running over TCP without encryption. All communication (including code and outputs) is sent in plain text and is susceptible to eavesdropping. Use IPC transport or launch with kernel manager-provisioned CurveZMQ keys to enable transport encryption.
Traceback (most recent call last):
  File "/home/user/alignment-literature-meta-analysis/replication/experiments/developmental-stages-in-multi-problem-grokking--james-sullivan/.venv/bin/jupyter-nbconvert", line 12, in <module>
    sys.exit(main())
             ^^^^^^
  File "/home/user/alignment-literature-meta-analysis/replication/experiments/developmental-stages-in-multi-problem-grokking--james-sullivan/.venv/lib/python3.12/site-packages/jupyter_core/application.py", line 284, in launch_instance
    super().launch_instance(argv=argv, **kwargs)
  File "/home/user/alignment-literature-meta-analysis/replication/experiments/developmental-stages-in-multi-problem-grokking--james-sullivan/.venv/lib/python3.12/site-packages/traitlets/config/application.py", line 1080, in launch_instance
    app.start()
  File "/home/user/alignment-literature-meta-analysis/replication/experiments/developmental-stages-in-multi-problem-grokking--james-sullivan/.venv/lib/python3.12/site-packages/nbconvert/nbconvertapp.py", line 420, in start
    self.convert_notebooks()
  File "/home/user/alignment-literature-meta-analysis/replication/experiments/developmental-stages-in-multi-problem-grokking--james-sullivan/.venv/lib/python3.12/site-packages/nbconvert/nbconvertapp.py", line 597, in convert_notebooks
    self.convert_single_notebook(notebook_filename)
  File "/home/user/alignment-literature-meta-analysis/replication/experiments/developmental-stages-in-multi-problem-grokking--james-sullivan/.venv/lib/python3.12/site-packages/nbconvert/nbconvertapp.py", line 563, in convert_single_notebook
    output, resources = self.export_single_notebook(
                        ^^^^^^^^^^^^^^^^^^^^^^^^^^^^
  File "/home/user/alignment-literature-meta-analysis/replication/experiments/developmental-stages-in-multi-problem-grokking--james-sullivan/.venv/lib/python3.12/site-packages/nbconvert/nbconvertapp.py", line 487, in export_single_notebook
    output, resources = self.exporter.from_filename(
                        ^^^^^^^^^^^^^^^^^^^^^^^^^^^^
  File "/home/user/alignment-literature-meta-analysis/replication/experiments/developmental-stages-in-multi-problem-grokking--james-sullivan/.venv/lib/python3.12/site-packages/nbconvert/exporters/exporter.py", line 201, in from_filename
    return self.from_file(f, resources=resources, **kw)
           ^^^^^^^^^^^^^^^^^^^^^^^^^^^^^^^^^^^^^^^^^^^^
  File "/home/user/alignment-literature-meta-analysis/replication/experiments/developmental-stages-in-multi-problem-grokking--james-sullivan/.venv/lib/python3.12/site-packages/nbconvert/exporters/exporter.py", line 220, in from_file
    return self.from_notebook_node(
           ^^^^^^^^^^^^^^^^^^^^^^^^
  File "/home/user/alignment-literature-meta-analysis/replication/experiments/developmental-stages-in-multi-problem-grokking--james-sullivan/.venv/lib/python3.12/site-packages/nbconvert/exporters/notebook.py", line 36, in from_notebook_node
    nb_copy, resources = super().from_notebook_node(nb, resources, **kw)
                         ^^^^^^^^^^^^^^^^^^^^^^^^^^^^^^^^^^^^^^^^^^^^^^^
  File "/home/user/alignment-literature-meta-analysis/replication/experiments/developmental-stages-in-multi-problem-grokking--james-sullivan/.venv/lib/python3.12/site-packages/nbconvert/exporters/exporter.py", line 154, in from_notebook_node
    nb_copy, resources = self._preprocess(nb_copy, resources)
                         ^^^^^^^^^^^^^^^^^^^^^^^^^^^^^^^^^^^^
  File "/home/user/alignment-literature-meta-analysis/replication/experiments/developmental-stages-in-multi-problem-grokking--james-sullivan/.venv/lib/python3.12/site-packages/nbconvert/exporters/exporter.py", line 353, in _preprocess
    nbc, resc = preprocessor(nbc, resc)
                ^^^^^^^^^^^^^^^^^^^^^^^
  File "/home/user/alignment-literature-meta-analysis/replication/experiments/developmental-stages-in-multi-problem-grokking--james-sullivan/.venv/lib/python3.12/site-packages/nbconvert/preprocessors/base.py", line 48, in __call__
    return self.preprocess(nb, resources)
           ^^^^^^^^^^^^^^^^^^^^^^^^^^^^^^
  File "/home/user/alignment-literature-meta-analysis/replication/experiments/developmental-stages-in-multi-problem-grokking--james-sullivan/.venv/lib/python3.12/site-packages/nbconvert/preprocessors/execute.py", line 103, in preprocess
    self.preprocess_cell(cell, resources, index)
  File "/home/user/alignment-literature-meta-analysis/replication/experiments/developmental-stages-in-multi-problem-grokking--james-sullivan/.venv/lib/python3.12/site-packages/nbconvert/preprocessors/execute.py", line 124, in preprocess_cell
    cell = self.execute_cell(cell, index, store_history=True)
           ^^^^^^^^^^^^^^^^^^^^^^^^^^^^^^^^^^^^^^^^^^^^^^^^^^
  File "/home/user/alignment-literature-meta-analysis/replication/experiments/developmental-stages-in-multi-problem-grokking--james-sullivan/.venv/lib/python3.12/site-packages/jupyter_core/utils/__init__.py", line 165, in wrapped
    return loop.run_until_complete(inner)
           ^^^^^^^^^^^^^^^^^^^^^^^^^^^^^^
  File "/usr/lib/python3.12/asyncio/base_events.py", line 687, in run_until_complete
    return future.result()
           ^^^^^^^^^^^^^^^
  File "/home/user/alignment-literature-meta-analysis/replication/experiments/developmental-stages-in-multi-problem-grokking--james-sullivan/.venv/lib/python3.12/site-packages/nbclient/client.py", line 1062, in async_execute_cell
    await self._check_raise_for_error(cell, cell_index, exec_reply)
  File "/home/user/alignment-literature-meta-analysis/replication/experiments/developmental-stages-in-multi-problem-grokking--james-sullivan/.venv/lib/python3.12/site-packages/nbclient/client.py", line 918, in _check_raise_for_error
    raise CellExecutionError.from_cell_and_msg(cell, exec_reply_content)
nbclient.exceptions.CellExecutionError: An error occurred while executing the following cell:
------------------
import torch
from transformer_lens import HookedTransformer, HookedTransformerConfig
from neel_plotly.plot import line
from helpers import loss_fn
from devinterp.slt.sampler import estimate_learning_coeff_with_summary, estimate_learning_coeff, SGLD
from devinterp.utils import plot_trace
import tqdm.auto as tqdm
import os
from pathlib import Path
from helpers import rolling_average

CREATE_ESTIMATES = True
TUNE_HYPERPARAMS = True

device = "cuda" if torch.cuda.is_available() else "cpu"
RAND_SEED = 42

if CREATE_ESTIMATES:
    LOAD_LOCATION = "../saves/check_point_50/grokking_add_multi_0.65.pth"

    cached_data = torch.load(LOAD_LOCATION, weights_only=False)

    state_dict = cached_data['model']
    model_checkpoints = cached_data["checkpoints"]
    checkpoint_epochs = cached_data["checkpoint_epochs"]
    test_losses = cached_data['test_losses']
    train_losses = cached_data['train_losses']
    add_test_losses = cached_data['add_test_losses']
    multi_test_losses = cached_data['multi_test_losses']
    max_nums = cached_data['max_nums']
    mod_value = cached_data['mod_value']
    train_frac = cached_data['train_frac']
    addition_frac = cached_data['addition_frac']
    train_data = cached_data['train_data']
    train_labels = cached_data['train_labels']

    # print(f"train_frac = {train_frac} addition_frac = {addition_frac}")
    print(f"len(train_losses) = {len(train_losses)} len(test_losses) = {len(test_losses)} len(model_checkpoints) = {len(model_checkpoints)}")
    print(f"train_data.shape = {train_data.shape} train_labels.shape = {train_labels.shape}")
    print(f"train_data[:5] = {train_data[:5]} train_labels[:5] = {train_labels[:5]}")
------------------


[31m---------------------------------------------------------------------------[39m
[31mModuleNotFoundError[39m                       Traceback (most recent call last)
[36mCell[39m[36m [39m[32mIn[1][39m[32m, line 2[39m
[32m      1[39m [38;5;28;01mimport[39;00m torch
[32m----> [39m[32m2[39m [38;5;28;01mfrom[39;00m transformer_lens [38;5;28;01mimport[39;00m HookedTransformer, HookedTransformerConfig
[32m      3[39m [38;5;28;01mfrom[39;00m neel_plotly.plot [38;5;28;01mimport[39;00m line
[32m      4[39m [38;5;28;01mfrom[39;00m helpers [38;5;28;01mimport[39;00m loss_fn
[32m      5[39m [38;5;28;01mfrom[39;00m devinterp.slt.sampler [38;5;28;01mimport[39;00m estimate_learning_coeff_with_summary, estimate_learning_coeff, SGLD

[31mModuleNotFoundError[39m: No module named 'transformer_lens'

== RUN-EXIT 1 after 0 min
