== 2026-08-27T14:16:49+08:00 start noanabeshima/matryoshka-saes@7b80f5fe36598f43f3181c5466a0365c7ce07807
== entrypoint: train_saes_on_toy.ipynb (budget 45m)
[NbConvertApp] Converting notebook train_saes_on_toy.ipynb to notebook
[IPKernelApp] WARNING | Kernel is running over TCP without encryption. All communication (including code and outputs) is sent in plain text and is susceptible to eavesdropping. Use IPC transport or launch with kernel manager-provisioned CurveZMQ keys to enable transport encryption.
Traceback (most recent call last):
  File "/home/user/alignment-literature-meta-analysis/replication/experiments/matryoshka-sparse-autoencoders--noanabeshima/.venv/bin/jupyter-nbconvert", line 12, in <module>
    sys.exit(main())
             ^^^^^^
  File "/home/user/alignment-literature-meta-analysis/replication/experiments/matryoshka-sparse-autoencoders--noanabeshima/.venv/lib/python3.11/site-packages/jupyter_core/application.py", line 284, in launch_instance
    super().launch_instance(argv=argv, **kwargs)
  File "/home/user/alignment-literature-meta-analysis/replication/experiments/matryoshka-sparse-autoencoders--noanabeshima/.venv/lib/python3.11/site-packages/traitlets/config/application.py", line 1080, in launch_instance
    app.start()
  File "/home/user/alignment-literature-meta-analysis/replication/experiments/matryoshka-sparse-autoencoders--noanabeshima/.venv/lib/python3.11/site-packages/nbconvert/nbconvertapp.py", line 420, in start
    self.convert_notebooks()
  File "/home/user/alignment-literature-meta-analysis/replication/experiments/matryoshka-sparse-autoencoders--noanabeshima/.venv/lib/python3.11/site-packages/nbconvert/nbconvertapp.py", line 597, in convert_notebooks
    self.convert_single_notebook(notebook_filename)
  File "/home/user/alignment-literature-meta-analysis/replication/experiments/matryoshka-sparse-autoencoders--noanabeshima/.venv/lib/python3.11/site-packages/nbconvert/nbconvertapp.py", line 563, in convert_single_notebook
    output, resources = self.export_single_notebook(
                        ^^^^^^^^^^^^^^^^^^^^^^^^^^^^
  File "/home/user/alignment-literature-meta-analysis/replication/experiments/matryoshka-sparse-autoencoders--noanabeshima/.venv/lib/python3.11/site-packages/nbconvert/nbconvertapp.py", line 487, in export_single_notebook
    output, resources = self.exporter.from_filename(
                        ^^^^^^^^^^^^^^^^^^^^^^^^^^^^
  File "/home/user/alignment-literature-meta-analysis/replication/experiments/matryoshka-sparse-autoencoders--noanabeshima/.venv/lib/python3.11/site-packages/nbconvert/exporters/exporter.py", line 201, in from_filename
    return self.from_file(f, resources=resources, **kw)
           ^^^^^^^^^^^^^^^^^^^^^^^^^^^^^^^^^^^^^^^^^^^^
  File "/home/user/alignment-literature-meta-analysis/replication/experiments/matryoshka-sparse-autoencoders--noanabeshima/.venv/lib/python3.11/site-packages/nbconvert/exporters/exporter.py", line 220, in from_file
    return self.from_notebook_node(
           ^^^^^^^^^^^^^^^^^^^^^^^^
  File "/home/user/alignment-literature-meta-analysis/replication/experiments/matryoshka-sparse-autoencoders--noanabeshima/.venv/lib/python3.11/site-packages/nbconvert/exporters/notebook.py", line 36, in from_notebook_node
    nb_copy, resources = super().from_notebook_node(nb, resources, **kw)
                         ^^^^^^^^^^^^^^^^^^^^^^^^^^^^^^^^^^^^^^^^^^^^^^^
  File "/home/user/alignment-literature-meta-analysis/replication/experiments/matryoshka-sparse-autoencoders--noanabeshima/.venv/lib/python3.11/site-packages/nbconvert/exporters/exporter.py", line 154, in from_notebook_node
    nb_copy, resources = self._preprocess(nb_copy, resources)
                         ^^^^^^^^^^^^^^^^^^^^^^^^^^^^^^^^^^^^
  File "/home/user/alignment-literature-meta-analysis/replication/experiments/matryoshka-sparse-autoencoders--noanabeshima/.venv/lib/python3.11/site-packages/nbconvert/exporters/exporter.py", line 353, in _preprocess
    nbc, resc = preprocessor(nbc, resc)
                ^^^^^^^^^^^^^^^^^^^^^^^
  File "/home/user/alignment-literature-meta-analysis/replication/experiments/matryoshka-sparse-autoencoders--noanabeshima/.venv/lib/python3.11/site-packages/nbconvert/preprocessors/base.py", line 48, in __call__
    return self.preprocess(nb, resources)
           ^^^^^^^^^^^^^^^^^^^^^^^^^^^^^^
  File "/home/user/alignment-literature-meta-analysis/replication/experiments/matryoshka-sparse-autoencoders--noanabeshima/.venv/lib/python3.11/site-packages/nbconvert/preprocessors/execute.py", line 103, in preprocess
    self.preprocess_cell(cell, resources, index)
  File "/home/user/alignment-literature-meta-analysis/replication/experiments/matryoshka-sparse-autoencoders--noanabeshima/.venv/lib/python3.11/site-packages/nbconvert/preprocessors/execute.py", line 124, in preprocess_cell
    cell = self.execute_cell(cell, index, store_history=True)
           ^^^^^^^^^^^^^^^^^^^^^^^^^^^^^^^^^^^^^^^^^^^^^^^^^^
  File "/home/user/alignment-literature-meta-analysis/replication/experiments/matryoshka-sparse-autoencoders--noanabeshima/.venv/lib/python3.11/site-packages/jupyter_core/utils/__init__.py", line 165, in wrapped
    return loop.run_until_complete(inner)
           ^^^^^^^^^^^^^^^^^^^^^^^^^^^^^^
  File "/home/user/.local/share/uv/python/cpython-3.11.15-linux-x86_64-gnu/lib/python3.11/asyncio/base_events.py", line 654, in run_until_complete
    return future.result()
           ^^^^^^^^^^^^^^^
  File "/home/user/alignment-literature-meta-analysis/replication/experiments/matryoshka-sparse-autoencoders--noanabeshima/.venv/lib/python3.11/site-packages/nbclient/client.py", line 1062, in async_execute_cell
    await self._check_raise_for_error(cell, cell_index, exec_reply)
  File "/home/user/alignment-literature-meta-analysis/replication/experiments/matryoshka-sparse-autoencoders--noanabeshima/.venv/lib/python3.11/site-packages/nbclient/client.py", line 918, in _check_raise_for_error
    raise CellExecutionError.from_cell_and_msg(cell, exec_reply_content)
nbclient.exceptions.CellExecutionError: An error occurred while executing the following cell:
------------------
matryoshka_perm = get_latent_perm(matryoshka_sae, dataset)
vanilla_perm = get_latent_perm(vanilla_sae, dataset)

# Compute cosine similarity matrix of ground truth features
gt_cosine = F.normalize(true_feats, dim=1) @ F.normalize(true_feats, dim=1).T
gt_sims = heatmap(gt_cosine.cpu(), title='Ground Truth Feature Cosine Similarity')
gt_sims.show()

# Compute cosine similarity between learned and ground truth features
matryoshka_feats = matryoshka_sae.W_dec.data
vanilla_feats = vanilla_sae.W_dec.data

matryoshka_cosine = F.normalize(matryoshka_feats, dim=1)[matryoshka_perm] @ F.normalize(true_feats, dim=1).T
vanilla_cosine = F.normalize(vanilla_feats, dim=1)[vanilla_perm] @ F.normalize(true_feats, dim=1).T

m_dec_sims = heatmap(matryoshka_cosine.cpu(), title='Matryoshka Decoder, Ground-Truth Cosine Similarity', dim_names=('Matryoshka', 'True Feature'))
m_dec_sims.show()

v_dec_sims = heatmap(vanilla_cosine.cpu(), title='Vanilla Decoder, Ground-Truth Cosine Similarity', dim_names=('Vanilla', 'Ground-Truth'))
v_dec_sims.show()

# Compare encoder and decoder weights
matryoshka_enc = matryoshka_sae.W_enc.data.T
vanilla_enc = vanilla_sae.W_enc.data.T

matryoshka_enc_true = F.normalize(matryoshka_enc, dim=1)[matryoshka_perm] @ F.normalize(true_feats, dim=1).T
vanilla_enc_true = F.normalize(vanilla_enc, dim=1)[vanilla_perm] @ F.normalize(true_feats, dim=1).T


m_enc_sims = heatmap(matryoshka_enc_true.cpu(), title='Matryoshka Encoder, Ground-Truth Cosine Similarity', dim_names=('Latent', 'Feature'))
m_enc_sims.show()
v_enc_sims = heatmap(vanilla_enc_true.cpu(), title='Vanilla Encoder, Ground-Truth Cosine Similarity', dim_names=('Latent', 'Feature'))
v_enc_sims.show()

------------------


[31m---------------------------------------------------------------------------[39m
[31mNameError[39m                                 Traceback (most recent call last)
[36mCell[39m[36m [39m[32mIn[5][39m[32m, line 5[39m
[32m      1[39m matryoshka_perm = get_latent_perm(matryoshka_sae, dataset)
[32m      2[39m vanilla_perm = get_latent_perm(vanilla_sae, dataset)
[32m      3[39m 
[32m      4[39m [38;5;66;03m# Compute cosine similarity matrix of ground truth features[39;00m
[32m----> [39m[32m5[39m gt_cosine = F.normalize(true_feats, dim=[32m1[39m) @ F.normalize(true_feats, dim=[32m1[39m).T
[32m      6[39m gt_sims = heatmap(gt_cosine.cpu(), title=[33m'Ground Truth Feature Cosine Similarity'[39m)
[32m      7[39m gt_sims.show()
[32m      8[39m 

[31mNameError[39m: name 'F' is not defined

== RUN-EXIT 1 after 14 min
