== 2026-08-27T14:46:21+08:00 start thebuleganteng/interpretability-prototyping@5ef40554b9a1d7056ea3cfcd94319af0a8eedb3c
== entrypoint: notebooks/phase_2_semantics_vs_ideas_v2.ipynb (budget 45m)
[NbConvertApp] Converting notebook notebooks/phase_2_semantics_vs_ideas_v2.ipynb to notebook
[IPKernelApp] WARNING | Kernel is running over TCP without encryption. All communication (including code and outputs) is sent in plain text and is susceptible to eavesdropping. Use IPC transport or launch with kernel manager-provisioned CurveZMQ keys to enable transport encryption.
Traceback (most recent call last):
  File "/home/user/alignment-literature-meta-analysis/replication/experiments/a-black-box-made-less-opaque-part-2--thebuleganteng/.venv/bin/jupyter-nbconvert", line 12, in <module>
    sys.exit(main())
             ^^^^^^
  File "/home/user/alignment-literature-meta-analysis/replication/experiments/a-black-box-made-less-opaque-part-2--thebuleganteng/.venv/lib/python3.11/site-packages/jupyter_core/application.py", line 284, in launch_instance
    super().launch_instance(argv=argv, **kwargs)
  File "/home/user/alignment-literature-meta-analysis/replication/experiments/a-black-box-made-less-opaque-part-2--thebuleganteng/.venv/lib/python3.11/site-packages/traitlets/config/application.py", line 1080, in launch_instance
    app.start()
  File "/home/user/alignment-literature-meta-analysis/replication/experiments/a-black-box-made-less-opaque-part-2--thebuleganteng/.venv/lib/python3.11/site-packages/nbconvert/nbconvertapp.py", line 420, in start
    self.convert_notebooks()
  File "/home/user/alignment-literature-meta-analysis/replication/experiments/a-black-box-made-less-opaque-part-2--thebuleganteng/.venv/lib/python3.11/site-packages/nbconvert/nbconvertapp.py", line 597, in convert_notebooks
    self.convert_single_notebook(notebook_filename)
  File "/home/user/alignment-literature-meta-analysis/replication/experiments/a-black-box-made-less-opaque-part-2--thebuleganteng/.venv/lib/python3.11/site-packages/nbconvert/nbconvertapp.py", line 563, in convert_single_notebook
    output, resources = self.export_single_notebook(
                        ^^^^^^^^^^^^^^^^^^^^^^^^^^^^
  File "/home/user/alignment-literature-meta-analysis/replication/experiments/a-black-box-made-less-opaque-part-2--thebuleganteng/.venv/lib/python3.11/site-packages/nbconvert/nbconvertapp.py", line 487, in export_single_notebook
    output, resources = self.exporter.from_filename(
                        ^^^^^^^^^^^^^^^^^^^^^^^^^^^^
  File "/home/user/alignment-literature-meta-analysis/replication/experiments/a-black-box-made-less-opaque-part-2--thebuleganteng/.venv/lib/python3.11/site-packages/nbconvert/exporters/exporter.py", line 201, in from_filename
    return self.from_file(f, resources=resources, **kw)
           ^^^^^^^^^^^^^^^^^^^^^^^^^^^^^^^^^^^^^^^^^^^^
  File "/home/user/alignment-literature-meta-analysis/replication/experiments/a-black-box-made-less-opaque-part-2--thebuleganteng/.venv/lib/python3.11/site-packages/nbconvert/exporters/exporter.py", line 220, in from_file
    return self.from_notebook_node(
           ^^^^^^^^^^^^^^^^^^^^^^^^
  File "/home/user/alignment-literature-meta-analysis/replication/experiments/a-black-box-made-less-opaque-part-2--thebuleganteng/.venv/lib/python3.11/site-packages/nbconvert/exporters/notebook.py", line 36, in from_notebook_node
    nb_copy, resources = super().from_notebook_node(nb, resources, **kw)
                         ^^^^^^^^^^^^^^^^^^^^^^^^^^^^^^^^^^^^^^^^^^^^^^^
  File "/home/user/alignment-literature-meta-analysis/replication/experiments/a-black-box-made-less-opaque-part-2--thebuleganteng/.venv/lib/python3.11/site-packages/nbconvert/exporters/exporter.py", line 154, in from_notebook_node
    nb_copy, resources = self._preprocess(nb_copy, resources)
                         ^^^^^^^^^^^^^^^^^^^^^^^^^^^^^^^^^^^^
  File "/home/user/alignment-literature-meta-analysis/replication/experiments/a-black-box-made-less-opaque-part-2--thebuleganteng/.venv/lib/python3.11/site-packages/nbconvert/exporters/exporter.py", line 353, in _preprocess
    nbc, resc = preprocessor(nbc, resc)
                ^^^^^^^^^^^^^^^^^^^^^^^
  File "/home/user/alignment-literature-meta-analysis/replication/experiments/a-black-box-made-less-opaque-part-2--thebuleganteng/.venv/lib/python3.11/site-packages/nbconvert/preprocessors/base.py", line 48, in __call__
    return self.preprocess(nb, resources)
           ^^^^^^^^^^^^^^^^^^^^^^^^^^^^^^
  File "/home/user/alignment-literature-meta-analysis/replication/experiments/a-black-box-made-less-opaque-part-2--thebuleganteng/.venv/lib/python3.11/site-packages/nbconvert/preprocessors/execute.py", line 103, in preprocess
    self.preprocess_cell(cell, resources, index)
  File "/home/user/alignment-literature-meta-analysis/replication/experiments/a-black-box-made-less-opaque-part-2--thebuleganteng/.venv/lib/python3.11/site-packages/nbconvert/preprocessors/execute.py", line 124, in preprocess_cell
    cell = self.execute_cell(cell, index, store_history=True)
           ^^^^^^^^^^^^^^^^^^^^^^^^^^^^^^^^^^^^^^^^^^^^^^^^^^
  File "/home/user/alignment-literature-meta-analysis/replication/experiments/a-black-box-made-less-opaque-part-2--thebuleganteng/.venv/lib/python3.11/site-packages/jupyter_core/utils/__init__.py", line 165, in wrapped
    return loop.run_until_complete(inner)
           ^^^^^^^^^^^^^^^^^^^^^^^^^^^^^^
  File "/home/user/.local/share/uv/python/cpython-3.11.15-linux-x86_64-gnu/lib/python3.11/asyncio/base_events.py", line 654, in run_until_complete
    return future.result()
           ^^^^^^^^^^^^^^^
  File "/home/user/alignment-literature-meta-analysis/replication/experiments/a-black-box-made-less-opaque-part-2--thebuleganteng/.venv/lib/python3.11/site-packages/nbclient/client.py", line 1062, in async_execute_cell
    await self._check_raise_for_error(cell, cell_index, exec_reply)
  File "/home/user/alignment-literature-meta-analysis/replication/experiments/a-black-box-made-less-opaque-part-2--thebuleganteng/.venv/lib/python3.11/site-packages/nbclient/client.py", line 918, in _check_raise_for_error
    raise CellExecutionError.from_cell_and_msg(cell, exec_reply_content)
nbclient.exceptions.CellExecutionError: An error occurred while executing the following cell:
------------------
# ============================================================================
# CELL 1: Import Libraries [Setup]
# ============================================================================

import html
from IPython.display import display, Markdown
import torch
import numpy as np
import pandas as pd
from pathlib import Path
import pickle
import plotly.express as px
import plotly.graph_objects as go
from plotly.subplots import make_subplots
from IPython.display import display, HTML
import os
import warnings
warnings.filterwarnings('ignore')

# TransformerLens and SAELens
from transformer_lens import HookedTransformer
from sae_lens import SAE

# Set random seeds for reproducibility
torch.manual_seed(42)
np.random.seed(42)

print("✅ All libraries imported successfully!")
print(f"PyTorch version: {torch.__version__}")
print(f"Device: {torch.device('cuda' if torch.cuda.is_available() else 'cpu')}")
------------------


[31m---------------------------------------------------------------------------[39m
[31mModuleNotFoundError[39m                       Traceback (most recent call last)
[36mCell[39m[36m [39m[32mIn[1][39m[32m, line 12[39m
[32m      8[39m [38;5;28;01mimport[39;00m numpy [38;5;28;01mas[39;00m np
[32m      9[39m [38;5;28;01mimport[39;00m pandas [38;5;28;01mas[39;00m pd
[32m     10[39m [38;5;28;01mfrom[39;00m pathlib [38;5;28;01mimport[39;00m Path
[32m     11[39m [38;5;28;01mimport[39;00m pickle
[32m---> [39m[32m12[39m [38;5;28;01mimport[39;00m plotly.express [38;5;28;01mas[39;00m px
[32m     13[39m [38;5;28;01mimport[39;00m plotly.graph_objects [38;5;28;01mas[39;00m go
[32m     14[39m [38;5;28;01mfrom[39;00m plotly.subplots [38;5;28;01mimport[39;00m make_subplots
[32m     15[39m [38;5;28;01mfrom[39;00m IPython.display [38;5;28;01mimport[39;00m display, HTML

[31mModuleNotFoundError[39m: No module named 'plotly'

== RUN-EXIT 1 after 0 min
